Archive member included because of file (symbol)

E:/OneDrive/CCS/lpmsp430g2553_SPI/Debug\liblpmsp430g2553_SPI.a(SPI.o)
                              ./RF_Light_Remote_Base.o (SPIClass::begin())
E:/OneDrive/CCS/lpmsp430g2553_SPI/Debug\liblpmsp430g2553_SPI.a(usci_spi.o)
                              E:/OneDrive/CCS/lpmsp430g2553_SPI/Debug\liblpmsp430g2553_SPI.a(SPI.o) (spi_initialize())
E:/OneDrive/CCS/lpmsp430g2553_core/Debug\liblpmsp430g2553_core.a(WInterrupts.o)
                              ./RF_Light_Remote_Base.o (attachInterrupt)
E:/OneDrive/CCS/lpmsp430g2553_core/Debug\liblpmsp430g2553_core.a(wiring.o)
                              ./Enrf24.o (millis)
E:/OneDrive/CCS/lpmsp430g2553_core/Debug\liblpmsp430g2553_core.a(wiring_digital.o)
                              ./Enrf24.o (pinMode)
E:/OneDrive/CCS/lpmsp430g2553_core/Debug\liblpmsp430g2553_core.a(HardwareSerial.o)
                              ./RF_Light_Remote_Base.o (Serial)
E:/OneDrive/CCS/lpmsp430g2553_core/Debug\liblpmsp430g2553_core.a(main.o)
                              (main)
E:/OneDrive/CCS/lpmsp430g2553_core/Debug\liblpmsp430g2553_core.a(Print.o)
                              ./Enrf24.o (Print::write(unsigned char const*, unsigned int))
E:/OneDrive/CCS/lpmsp430g2553_core/Debug\liblpmsp430g2553_core.a(WString.o)
                              E:/OneDrive/CCS/lpmsp430g2553_core/Debug\liblpmsp430g2553_core.a(Print.o) (String::operator[](unsigned int) const)
E:/OneDrive/CCS/lpmsp430g2553_core/Debug\liblpmsp430g2553_core.a(atof.o)
                              E:/OneDrive/CCS/lpmsp430g2553_core/Debug\liblpmsp430g2553_core.a(WString.o) (atof)
E:/OneDrive/CCS/lpmsp430g2553_core/Debug\liblpmsp430g2553_core.a(dtostrf.o)
                              E:/OneDrive/CCS/lpmsp430g2553_core/Debug\liblpmsp430g2553_core.a(WString.o) (dtostrf)
E:/OneDrive/CCS/lpmsp430g2553_core/Debug\liblpmsp430g2553_core.a(itoa.o)
                              E:/OneDrive/CCS/lpmsp430g2553_core/Debug\liblpmsp430g2553_core.a(WString.o) (ltoa)
E:/OneDrive/CCS/lpmsp430g2553_core/Debug\liblpmsp430g2553_core.a(usci_isr_handler.o)
                              E:/OneDrive/CCS/lpmsp430g2553_core/Debug\liblpmsp430g2553_core.a(HardwareSerial.o) (usci_isr_install)
E:/OneDrive/CCS/lpmsp430g2553_core/Debug\liblpmsp430g2553_core.a(new.o)
                              E:/OneDrive/CCS/lpmsp430g2553_core/Debug\liblpmsp430g2553_core.a(Print.o) (__cxa_pure_virtual)
E:/OneDrive/CCS/lpmsp430g2553_core/Debug\liblpmsp430g2553_core.a(twi.o)
                              E:/OneDrive/CCS/lpmsp430g2553_core/Debug\liblpmsp430g2553_core.a(usci_isr_handler.o) (i2c_txrx_isr)
e:/energia-0101e0014/hardware/tools/msp430/bin/../lib/gcc/msp430/4.6.3/../../../../msp430/lib\libm.a(ef_pow.o)
                              E:/OneDrive/CCS/lpmsp430g2553_core/Debug\liblpmsp430g2553_core.a(dtostrf.o) (powf)
e:/energia-0101e0014/hardware/tools/msp430/bin/../lib/gcc/msp430/4.6.3/../../../../msp430/lib\libm.a(sf_scalbn.o)
                              e:/energia-0101e0014/hardware/tools/msp430/bin/../lib/gcc/msp430/4.6.3/../../../../msp430/lib\libm.a(ef_pow.o) (scalbnf)
e:/energia-0101e0014/hardware/tools/msp430/bin/../lib/gcc/msp430/4.6.3/../../../../msp430/lib\libm.a(ef_sqrt.o)
                              e:/energia-0101e0014/hardware/tools/msp430/bin/../lib/gcc/msp430/4.6.3/../../../../msp430/lib\libm.a(ef_pow.o) (__ieee754_sqrtf)
e:/energia-0101e0014/hardware/tools/msp430/bin/../lib/gcc/msp430/4.6.3\libgcc.a(_mulqi3.o)
                              E:/OneDrive/CCS/lpmsp430g2553_core/Debug\liblpmsp430g2553_core.a(Print.o) (__mulqi3)
e:/energia-0101e0014/hardware/tools/msp430/bin/../lib/gcc/msp430/4.6.3\libgcc.a(_mulhi3.o)
                              E:/OneDrive/CCS/lpmsp430g2553_core/Debug\liblpmsp430g2553_core.a(wiring.o) (__mulhi3)
e:/energia-0101e0014/hardware/tools/msp430/bin/../lib/gcc/msp430/4.6.3\libgcc.a(_mulsi3.o)
                              E:/OneDrive/CCS/lpmsp430g2553_core/Debug\liblpmsp430g2553_core.a(wiring.o) (__mulsi3)
e:/energia-0101e0014/hardware/tools/msp430/bin/../lib/gcc/msp430/4.6.3\libgcc.a(_udivmod16.o)
                              ./Enrf24.o (__udivhi3)
e:/energia-0101e0014/hardware/tools/msp430/bin/../lib/gcc/msp430/4.6.3\libgcc.a(_udivmod32.o)
                              E:/OneDrive/CCS/lpmsp430g2553_core/Debug\liblpmsp430g2553_core.a(wiring.o) (__udivsi3)
e:/energia-0101e0014/hardware/tools/msp430/bin/../lib/gcc/msp430/4.6.3\libgcc.a(_fixunssfsi.o)
                              E:/OneDrive/CCS/lpmsp430g2553_core/Debug\liblpmsp430g2553_core.a(Print.o) (__fixunssfsi)
e:/energia-0101e0014/hardware/tools/msp430/bin/../lib/gcc/msp430/4.6.3\libgcc.a(_addsub_sf.o)
                              E:/OneDrive/CCS/lpmsp430g2553_core/Debug\liblpmsp430g2553_core.a(Print.o) (__addsf3)
e:/energia-0101e0014/hardware/tools/msp430/bin/../lib/gcc/msp430/4.6.3\libgcc.a(_mul_sf.o)
[...]
Memory Configuration

Name             Origin             Length             Attributes
sfr              0x00000000         0x00000010
peripheral_8bit  0x00000010         0x000000f0
peripheral_16bit 0x00000100         0x00000100
ram              0x00000200         0x00000200         xw
infomem          0x00001000         0x00000100
infod            0x00001000         0x00000040
infoc            0x00001040         0x00000040
infob            0x00001080         0x00000040
infoa            0x000010c0         0x00000040
rom              0x0000c000         0x00003fe0         xr
vectors          0x0000ffe0         0x00000020
bsl              0x00000000         0x00000000
ram2             0x00000000         0x00000000         xw
ram_mirror       0x00000000         0x00000000         xw
usbram           0x00000000         0x00000000         xw
far_rom          0x00000000         0x00000000
*default*        0x00000000         0xffffffff

Linker script and memory map

LOAD e:/energia-0101e0014/hardware/tools/msp430/bin/../lib/gcc/msp430/4.6.3/crt0ivtbl16.o
LOAD ./Enrf24.o
LOAD ./RF_Light_Remote_Base.o
START GROUP
LOAD E:/OneDrive/CCS/lpmsp430g2553_SPI/Debug\liblpmsp430g2553_SPI.a
LOAD E:/OneDrive/CCS/lpmsp430g2553_core/Debug\liblpmsp430g2553_core.a
LOAD e:/energia-0101e0014/hardware/tools/msp430/bin/../lib/gcc/msp430/4.6.3/../../../../msp430/lib\libm.a
END GROUP
LOAD e:/energia-0101e0014/hardware/tools/msp430/bin/../lib/gcc/msp430/4.6.3\libgcc.a
LOAD e:/energia-0101e0014/hardware/tools/msp430/bin/../lib/gcc/msp430/4.6.3/../../../../msp430/lib\libc.a
LOAD e:/energia-0101e0014/hardware/tools/msp430/bin/../lib/gcc/msp430/4.6.3\libgcc.a
LOAD e:/energia-0101e0014/hardware/tools/msp430/bin/../lib/gcc/msp430/4.6.3\libcrt0.a
                0x00000040                PROVIDE (__info_segment_size, 0x40)
                0x00001000                PROVIDE (__infod, 0x1000)
                0x00001040                PROVIDE (__infoc, 0x1040)
                0x00001080                PROVIDE (__infob, 0x1080)
                0x000010c0                PROVIDE (__infoa, 0x10c0)
                0x00000000                __IE1 = 0x0
                0x00000002                __IFG1 = 0x2
                0x00000001                __IE2 = 0x1
                0x00000003                __IFG2 = 0x3
                0x00000048                __ADC10DTC0 = 0x48
                0x00000049                __ADC10DTC1 = 0x49
                0x0000004a                __ADC10AE0 = 0x4a
                0x000001b0                __ADC10CTL0 = 0x1b0
                0x000001b2                __ADC10CTL1 = 0x1b2
                0x000001b4                __ADC10MEM = 0x1b4
                0x000001bc                __ADC10SA = 0x1bc
                0x00000056                __DCOCTL = 0x56
                0x00000057                __BCSCTL1 = 0x57
                0x00000058                __BCSCTL2 = 0x58
                0x00000053                __BCSCTL3 = 0x53
                0x00000059                __CACTL1 = 0x59
                0x0000005a                __CACTL2 = 0x5a
                0x0000005b                __CAPD = 0x5b
                0x00000128                __FCTL1 = 0x128
                0x0000012a                __FCTL2 = 0x12a
                0x0000012c                __FCTL3 = 0x12c
                0x00000020                __P1IN = 0x20
                0x00000021                __P1OUT = 0x21
                0x00000022                __P1DIR = 0x22
                0x00000023                __P1IFG = 0x23
                0x00000024                __P1IES = 0x24
                0x00000025                __P1IE = 0x25
                0x00000026                __P1SEL = 0x26
                0x00000041                __P1SEL2 = 0x41
                0x00000027                __P1REN = 0x27
                0x00000028                __P2IN = 0x28
                0x00000029                __P2OUT = 0x29
                0x0000002a                __P2DIR = 0x2a
                0x0000002b                __P2IFG = 0x2b
                0x0000002c                __P2IES = 0x2c
                0x0000002d                __P2IE = 0x2d
                0x0000002e                __P2SEL = 0x2e
                0x00000042                __P2SEL2 = 0x42
                0x0000002f                __P2REN = 0x2f
                0x00000018                __P3IN = 0x18
                0x00000019                __P3OUT = 0x19
                0x0000001a                __P3DIR = 0x1a
                0x0000001b                __P3SEL = 0x1b
                0x00000043                __P3SEL2 = 0x43
                0x00000010                __P3REN = 0x10
                0x0000012e                __TA0IV = 0x12e
                0x00000160                __TA0CTL = 0x160
                0x00000162                __TA0CCTL0 = 0x162
                0x00000164                __TA0CCTL1 = 0x164
                0x00000166                __TA0CCTL2 = 0x166
                0x00000170                __TA0R = 0x170
                0x00000172                __TA0CCR0 = 0x172
                0x00000174                __TA0CCR1 = 0x174
                0x00000176                __TA0CCR2 = 0x176
                0x0000011e                __TA1IV = 0x11e
                0x00000180                __TA1CTL = 0x180
                0x00000182                __TA1CCTL0 = 0x182
                0x00000184                __TA1CCTL1 = 0x184
                0x00000186                __TA1CCTL2 = 0x186
                0x00000190                __TA1R = 0x190
                0x00000192                __TA1CCR0 = 0x192
                0x00000194                __TA1CCR1 = 0x194
                0x00000196                __TA1CCR2 = 0x196
                0x00000060                __UCA0CTL0 = 0x60
                0x00000061                __UCA0CTL1 = 0x61
                0x00000062                __UCA0BR0 = 0x62
                0x00000063                __UCA0BR1 = 0x63
                0x00000064                __UCA0MCTL = 0x64
                0x00000065                __UCA0STAT = 0x65
                0x00000066                __UCA0RXBUF = 0x66
                0x00000067                __UCA0TXBUF = 0x67
                0x0000005d                __UCA0ABCTL = 0x5d
                0x0000005e                __UCA0IRTCTL = 0x5e
                0x0000005f                __UCA0IRRCTL = 0x5f
                0x00000068                __UCB0CTL0 = 0x68
                0x00000069                __UCB0CTL1 = 0x69
                0x0000006a                __UCB0BR0 = 0x6a
                0x0000006b                __UCB0BR1 = 0x6b
                0x0000006c                __UCB0I2CIE = 0x6c
                0x0000006d                __UCB0STAT = 0x6d
                0x0000006e                __UCB0RXBUF = 0x6e
                0x0000006f                __UCB0TXBUF = 0x6f
                0x00000118                __UCB0I2COA = 0x118
                0x0000011a                __UCB0I2CSA = 0x11a
                0x00000120                __WDTCTL = 0x120
                0x000010f8                __CALDCO_16MHZ = 0x10f8
                0x000010f9                __CALBC1_16MHZ = 0x10f9
                0x000010fa                __CALDCO_12MHZ = 0x10fa
                0x000010fb                __CALBC1_12MHZ = 0x10fb
                0x000010fc                __CALDCO_8MHZ = 0x10fc
                0x000010fd                __CALBC1_8MHZ = 0x10fd
                0x000010fe                __CALDCO_1MHZ = 0x10fe
                0x000010ff                __CALBC1_1MHZ = 0x10ff

.hash
 *(.hash)

.dynsym
 *(.dynsym)

.dynstr
 *(.dynstr)

.gnu.version
 *(.gnu.version)

.gnu.version_d
 *(.gnu.version_d)

.gnu.version_r
 *(.gnu.version_r)

.rel.init
 *(.rel.init)

.rela.init
 *(.rela.init)

.rel.fini
 *(.rel.fini)

.rela.fini
 *(.rela.fini)

.rel.text
 *(.rel.text .rel.text.* .rel.gnu.linkonce.t.*)

.rela.text
 *(.rela.text .rela.text.* .rela.gnu.linkonce.t.*)

.rel.rodata
 *(.rel.rodata .rel.rodata.* .rel.gnu.linkonce.r.*)

.rela.rodata
 *(.rela.rodata .rela.rodata.* .rela.gnu.linkonce.r.*)

.rel.data
 *(.rel.data .rel.data.* .rel.gnu.linkonce.d.*)

.rela.data
 *(.rela.data .rela.data.* .rela.gnu.linkonce.d.*)

.rel.bss
 *(.rel.bss .rel.bss.* .rel.gnu.linkonce.b.*)

.rela.bss
 *(.rela.bss .rela.bss.* .rela.gnu.linkonce.b.*)

.rel.ctors
 *(.rel.ctors)

.rela.ctors
 *(.rela.ctors)

.rel.dtors
 *(.rel.dtors)

.rela.dtors
 *(.rela.dtors)

.rel.got
 *(.rel.got)

.rela.got
 *(.rela.got)

.rel.plt
 *(.rel.plt)

.rela.plt
 *(.rela.plt)

.text           0x0000c000     0x1898
                0x0000c000                . = ALIGN (0x2)
 *(.init .init.*)
 *(.init0)
 .init0         0x0000c000        0x0 e:/energia-0101e0014/hardware/tools/msp430/bin/../lib/gcc/msp430/4.6.3\libcrt0.a(_reset_vector__.o)
                0x0000c000                _reset_vector__
 *(.init1)
 .init1         0x0000c000        0xc e:/energia-0101e0014/hardware/tools/msp430/bin/../lib/gcc/msp430/4.6.3\libcrt0.a(__watchdog_support.o)
                0x0000c000                __watchdog_support
 *(.init2)
 .init2         0x0000c00c        0x4 e:/energia-0101e0014/hardware/tools/msp430/bin/../lib/gcc/msp430/4.6.3\libcrt0.a(__init_stack.o)
                0x0000c00c                __init_stack
 *(.init3)
 .init3         0x0000c010        0x0 e:/energia-0101e0014/hardware/tools/msp430/bin/../lib/gcc/msp430/4.6.3\libcrt0.a(__low_level_init.o)
                0x0000c010                __low_level_init
 *(.init4)
 .init4         0x0000c010       0x18 e:/energia-0101e0014/hardware/tools/msp430/bin/../lib/gcc/msp430/4.6.3\libcrt0.a(_copy_data.o)
                0x0000c010                __do_copy_data
 .init4         0x0000c028       0x16 e:/energia-0101e0014/hardware/tools/msp430/bin/../lib/gcc/msp430/4.6.3\libcrt0.a(_clear_bss.o)
                0x0000c028                __do_clear_bss
 *(.init5)
 *(.init6)
 .init6         0x0000c03e       0x14 e:/energia-0101e0014/hardware/tools/msp430/bin/../lib/gcc/msp430/4.6.3\libcrt0.a(_ctors430.o)
                0x0000c03e                __do_global_ctors
 *(.init7)
 *(.init8)
 *(.init9)
 .init9         0x0000c052       0x1a E:/OneDrive/CCS/lpmsp430g2553_core/Debug\liblpmsp430g2553_core.a(main.o)
                0x0000c052                main
 *(.fini9)
 .fini9         0x0000c06c        0x0 e:/energia-0101e0014/hardware/tools/msp430/bin/../lib/gcc/msp430/4.6.3\libcrt0.a(__stop_progExec__.o)
                0x0000c06c                __stop_progExec__
 *(.fini8)
 *(.fini7)
 *(.fini6)
 *(.fini5)
 *(.fini4)
 *(.fini3)
 *(.fini2)
 *(.fini1)
 *(.fini0)
 .fini0         0x0000c06c        0x6 e:/energia-0101e0014/hardware/tools/msp430/bin/../lib/gcc/msp430/4.6.3\libcrt0.a(_endless_loop__.o)
                0x0000c06c                _endless_loop__
 *(.fini .fini.*)
                0x0000c072                . = ALIGN (0x2)
                0x0000c072                __ctors_start = .
 *(.ctors)
 .ctors         0x0000c072        0x2 ./RF_Light_Remote_Base.o
 .ctors         0x0000c074        0x2 E:/OneDrive/CCS/lpmsp430g2553_core/Debug\liblpmsp430g2553_core.a(HardwareSerial.o)
                0x0000c076                __ctors_end = .
                0x0000c076                __dtors_start = .
 *(.dtors)
                0x0000c076                __dtors_end = .
                0x0000c076                . = ALIGN (0x2)
 *(.text .text.* .gnu.linkonce.t.*)
 .text          0x0000c076        0x4 e:/energia-0101e0014/hardware/tools/msp430/bin/../lib/gcc/msp430/4.6.3/crt0ivtbl16.o
                0x0000c076                __isr_14
                0x0000c076                __isr_4
                0x0000c076                __isr_11
                0x0000c076                __isr_5
                0x0000c076                __isr_0
                0x0000c076                __isr_8
                0x0000c076                __isr_12
                0x0000c076                __isr_13
                0x0000c076                __isr_9
                0x0000c076                __isr_1
 .text._ZN6Enrf245writeEPKvj
                0x0000c07a        0x8 ./Enrf24.o
                0x0000c07a                Enrf24::write(void const*, unsigned int)
 .text._ZN6Enrf24C2Ehhh
                0x0000c082       0x30 ./Enrf24.o
                0x0000c082                Enrf24::Enrf24(unsigned char, unsigned char, unsigned char)
                0x0000c082                Enrf24::Enrf24(unsigned char, unsigned char, unsigned char)
 .text._ZN6Enrf248_readRegEh
                0x0000c0b2       0x36 ./Enrf24.o
                0x0000c0b2                Enrf24::_readReg(unsigned char)
 .text._ZN6Enrf2416_readRegMultiLSBEhPhj
                0x0000c0e8       0x60 ./Enrf24.o
                0x0000c0e8                Enrf24::_readRegMultiLSB(unsigned char, unsigned char*, unsigned int)
 .text._ZN6Enrf249_writeRegEhh
                0x0000c148       0x3c ./Enrf24.o
                0x0000c148                Enrf24::_writeReg(unsigned char, unsigned char)
 .text._ZN6Enrf2417_writeRegMultiLSBEhPhj
                0x0000c184       0x56 ./Enrf24.o
                0x0000c184                Enrf24::_writeRegMultiLSB(unsigned char, unsigned char*, unsigned int)
 .text._ZN6Enrf249_issueCmdEh
                0x0000c1da       0x2c ./Enrf24.o
                0x0000c1da                Enrf24::_issueCmd(unsigned char)
 .text._ZN6Enrf2416_issueCmdPayloadEhPhj
                0x0000c206       0x4c ./Enrf24.o
                0x0000c206                Enrf24::_issueCmdPayload(unsigned char, unsigned char*, unsigned int)
 .text._ZN6Enrf2415_readCmdPayloadEhPhjj
                0x0000c252       0x5c ./Enrf24.o
                0x0000c252                Enrf24::_readCmdPayload(unsigned char, unsigned char*, unsigned int, unsigned int)
 .text._ZN6Enrf248_isAliveEv
                0x0000c2ae       0x22 ./Enrf24.o
                0x0000c2ae                Enrf24::_isAlive()
 .text._ZN6Enrf2414_irq_getreasonEv
                0x0000c2d0       0x18 ./Enrf24.o
                0x0000c2d0                Enrf24::_irq_getreason()
 .text._ZN6Enrf2410_irq_clearEh
                0x0000c2e8       0x10 ./Enrf24.o
                0x0000c2e8                Enrf24::_irq_clear(unsigned char)
 .text._ZN6Enrf2411_readTXaddrEPh
                0x0000c2f8       0x10 ./Enrf24.o
                0x0000c2f8                Enrf24::_readTXaddr(unsigned char*)
 .text._ZN6Enrf2414_writeRXaddrP0EPh
                0x0000c308       0x10 ./Enrf24.o
                0x0000c308                Enrf24::_writeRXaddrP0(unsigned char*)
 .text._ZN6Enrf2416_maintenanceHookEv
                0x0000c318       0xc2 ./Enrf24.o
                0x0000c318                Enrf24::_maintenanceHook()
 .text._ZN6Enrf249availableEh
                0x0000c3da       0x44 ./Enrf24.o
                0x0000c3da                Enrf24::available(unsigned char)
 .text._ZN6Enrf244readEPvh
                0x0000c41e       0x8a ./Enrf24.o
                0x0000c41e                Enrf24::read(void*, unsigned char)
 .text._ZN6Enrf2410radioStateEv
                0x0000c4a8       0x54 ./Enrf24.o
                0x0000c4a8                Enrf24::radioState()
 .text._ZN6Enrf249deepsleepEv
                0x0000c4fc       0x2c ./Enrf24.o
                0x0000c4fc                Enrf24::deepsleep()
 .text._ZN6Enrf248enableRXEv
                0x0000c528       0x3e ./Enrf24.o
                0x0000c528                Enrf24::enableRX()
 .text._ZN6Enrf245flushEv
                0x0000c566      0x156 ./Enrf24.o
                0x0000c566                Enrf24::flush()
 .text._ZN6Enrf245writeEh
                0x0000c6bc       0x2e ./Enrf24.o
                0x0000c6bc                Enrf24::write(unsigned char)
 .text._ZN6Enrf2410setChannelEh
                0x0000c6ea       0x16 ./Enrf24.o
                0x0000c6ea                Enrf24::setChannel(unsigned char)
 .text._ZN6Enrf2410setTXpowerEa
                0x0000c700       0x54 ./Enrf24.o
                0x0000c700                Enrf24::setTXpower(signed char)
 .text._ZN6Enrf248setSpeedEm
                0x0000c754       0x64 ./Enrf24.o
                0x0000c754                Enrf24::setSpeed(unsigned long)
 .text._ZN6Enrf246setCRCEhh
                0x0000c7b8       0x3c ./Enrf24.o
                0x0000c7b8                Enrf24::setCRC(unsigned char, unsigned char)
 .text._ZN6Enrf2416setAutoAckParamsEhj
                0x0000c7f4       0x34 ./Enrf24.o
                0x0000c7f4                Enrf24::setAutoAckParams(unsigned char, unsigned int)
 .text._ZN6Enrf2416setAddressLengthEj
                0x0000c828       0x38 ./Enrf24.o
                0x0000c828                Enrf24::setAddressLength(unsigned int)
 .text._ZN6Enrf245beginEmh
                0x0000c860      0x160 ./Enrf24.o
                0x0000c860                Enrf24::begin(unsigned long, unsigned char)
 .text._ZN6Enrf2412setRXaddressEPKv
                0x0000c9c0       0x10 ./Enrf24.o
                0x0000c9c0                Enrf24::setRXaddress(void const*)
 .text._Z6ps_outv
                0x0000c9d0       0x28 ./RF_Light_Remote_Base.o
                0x0000c9d0                ps_out()
 .text._Z31dump_radio_status_to_serialporth
                0x0000c9f8       0x4c ./RF_Light_Remote_Base.o
                0x0000c9f8                dump_radio_status_to_serialport(unsigned char)
 .text.loop     0x0000ca44       0xb6 ./RF_Light_Remote_Base.o
                0x0000ca44                loop
 .text.setup    0x0000cafa       0xcc ./RF_Light_Remote_Base.o
                0x0000cafa                setup
 .text.startup._GLOBAL__sub_I_radio
                0x0000cbc6       0x14 ./RF_Light_Remote_Base.o
 .text._ZN8SPIClass5beginEv
                0x0000cbda        0x6 E:/OneDrive/CCS/lpmsp430g2553_SPI/Debug\liblpmsp430g2553_SPI.a(SPI.o)
                0x0000cbda                SPIClass::begin()
 .text._ZN8SPIClass11setBitOrderEh
                0x0000cbe0        0x6 E:/OneDrive/CCS/lpmsp430g2553_SPI/Debug\liblpmsp430g2553_SPI.a(SPI.o)
                0x0000cbe0                SPIClass::setBitOrder(unsigned char)
 .text._ZN8SPIClass11setDataModeEh
                0x0000cbe6        0x6 E:/OneDrive/CCS/lpmsp430g2553_SPI/Debug\liblpmsp430g2553_SPI.a(SPI.o)
                0x0000cbe6                SPIClass::setDataMode(unsigned char)
 .text._Z14spi_initializev
                0x0000cbec       0x40 E:/OneDrive/CCS/lpmsp430g2553_SPI/Debug\liblpmsp430g2553_SPI.a(usci_spi.o)
                0x0000cbec                spi_initialize()
 .text._Z8spi_sendh
                0x0000cc2c       0x12 E:/OneDrive/CCS/lpmsp430g2553_SPI/Debug\liblpmsp430g2553_SPI.a(usci_spi.o)
                0x0000cc2c                spi_send(unsigned char)
 .text._Z16spi_set_bitorderh
                0x0000cc3e       0x26 E:/OneDrive/CCS/lpmsp430g2553_SPI/Debug\liblpmsp430g2553_SPI.a(usci_spi.o)
                0x0000cc3e                spi_set_bitorder(unsigned char)
 .text._Z16spi_set_datamodeh
                0x0000cc64       0x4e E:/OneDrive/CCS/lpmsp430g2553_SPI/Debug\liblpmsp430g2553_SPI.a(usci_spi.o)
                0x0000cc64                spi_set_datamode(unsigned char)
 .text.attachInterrupt
                0x0000ccb2      0x140 E:/OneDrive/CCS/lpmsp430g2553_core/Debug\liblpmsp430g2553_core.a(WInterrupts.o)
                0x0000ccb2                attachInterrupt
 .text.Port_1   0x0000cdf2       0xe4 E:/OneDrive/CCS/lpmsp430g2553_core/Debug\liblpmsp430g2553_core.a(WInterrupts.o)
                0x0000cdf2                Port_1
                0x0000cdf2                __isr_2
 .text.Port_2   0x0000ced6       0xe4 E:/OneDrive/CCS/lpmsp430g2553_core/Debug\liblpmsp430g2553_core.a(WInterrupts.o)
                0x0000ced6                __isr_3
                0x0000ced6                Port_2
 .text.enableXtal
                0x0000cfba       0x42 E:/OneDrive/CCS/lpmsp430g2553_core/Debug\liblpmsp430g2553_core.a(wiring.o)
                0x0000cfba                enableXtal
 .text.enableWatchDogIntervalMode
                0x0000cffc        0xc E:/OneDrive/CCS/lpmsp430g2553_core/Debug\liblpmsp430g2553_core.a(wiring.o)
                0x0000cffc                enableWatchDogIntervalMode
 .text.initClocks
                0x0000d008       0x1c E:/OneDrive/CCS/lpmsp430g2553_core/Debug\liblpmsp430g2553_core.a(wiring.o)
                0x0000d008                initClocks
 .text.init     0x0000d024       0x12 E:/OneDrive/CCS/lpmsp430g2553_core/Debug\liblpmsp430g2553_core.a(wiring.o)
                0x0000d024                init
 .text.micros   0x0000d036       0x24 E:/OneDrive/CCS/lpmsp430g2553_core/Debug\liblpmsp430g2553_core.a(wiring.o)
                0x0000d036                micros
 .text.millis   0x0000d05a       0x12 E:/OneDrive/CCS/lpmsp430g2553_core/Debug\liblpmsp430g2553_core.a(wiring.o)
                0x0000d05a                millis
 .text.delayMicroseconds
                0x0000d06c       0x12 E:/OneDrive/CCS/lpmsp430g2553_core/Debug\liblpmsp430g2553_core.a(wiring.o)
                0x0000d06c                delayMicroseconds
 .text.delay    0x0000d07e       0x48 E:/OneDrive/CCS/lpmsp430g2553_core/Debug\liblpmsp430g2553_core.a(wiring.o)
                0x0000d07e                delay
 .text.watchdog_isr
                0x0000d0c6       0x82 E:/OneDrive/CCS/lpmsp430g2553_core/Debug\liblpmsp430g2553_core.a(wiring.o)
                0x0000d0c6                __isr_10
                0x0000d0c6                watchdog_isr
 .text.pinMode  0x0000d148       0x76 E:/OneDrive/CCS/lpmsp430g2553_core/Debug\liblpmsp430g2553_core.a(wiring_digital.o)
                0x0000d148                pinMode
 .text.pinMode_int
                0x0000d1be       0x9a E:/OneDrive/CCS/lpmsp430g2553_core/Debug\liblpmsp430g2553_core.a(wiring_digital.o)
                0x0000d1be                pinMode_int
 .text.digitalRead
                0x0000d258       0x3e E:/OneDrive/CCS/lpmsp430g2553_core/Debug\liblpmsp430g2553_core.a(wiring_digital.o)
                0x0000d258                digitalRead
 .text.digitalWrite
                0x0000d296       0x4a E:/OneDrive/CCS/lpmsp430g2553_core/Debug\liblpmsp430g2553_core.a(wiring_digital.o)
                0x0000d296                digitalWrite
 .text._ZN14HardwareSerial9availableEv
                0x0000d2e0       0x12 E:/OneDrive/CCS/lpmsp430g2553_core/Debug\liblpmsp430g2553_core.a(HardwareSerial.o)
                0x0000d2e0                HardwareSerial::available()
 .text._ZN14HardwareSerial4peekEv
                0x0000d2f2       0x1e E:/OneDrive/CCS/lpmsp430g2553_core/Debug\liblpmsp430g2553_core.a(HardwareSerial.o)
                0x0000d2f2                HardwareSerial::peek()
 .text._ZN14HardwareSerial4readEv
                0x0000d310       0x2c E:/OneDrive/CCS/lpmsp430g2553_core/Debug\liblpmsp430g2553_core.a(HardwareSerial.o)
                0x0000d310                HardwareSerial::read()
 .text._ZN14HardwareSerial5flushEv
                0x0000d33c       0x12 E:/OneDrive/CCS/lpmsp430g2553_core/Debug\liblpmsp430g2553_core.a(HardwareSerial.o)
                0x0000d33c                HardwareSerial::flush()
 .text._ZN14HardwareSerial5writeEh
                0x0000d34e       0x3c E:/OneDrive/CCS/lpmsp430g2553_core/Debug\liblpmsp430g2553_core.a(HardwareSerial.o)
                0x0000d34e                HardwareSerial::write(unsigned char)
 .text._Z11serialEventv
                0x0000d38a        0x2 E:/OneDrive/CCS/lpmsp430g2553_core/Debug\liblpmsp430g2553_core.a(HardwareSerial.o)
                0x0000d38a                serialEvent()
 .text._Z14serialEventRunv
                0x0000d38c       0x12 E:/OneDrive/CCS/lpmsp430g2553_core/Debug\liblpmsp430g2553_core.a(HardwareSerial.o)
                0x0000d38c                serialEventRun()
 .text._ZN14HardwareSerial5beginEm
                0x0000d39e      0x128 E:/OneDrive/CCS/lpmsp430g2553_core/Debug\liblpmsp430g2553_core.a(HardwareSerial.o)
                0x0000d39e                HardwareSerial::begin(unsigned long)
 .text.uart_rx_isr
                0x0000d4c6       0x28 E:/OneDrive/CCS/lpmsp430g2553_core/Debug\liblpmsp430g2553_core.a(HardwareSerial.o)
                0x0000d4c6                uart_rx_isr
 .text.uart_tx_isr
                0x0000d4ee       0x3c E:/OneDrive/CCS/lpmsp430g2553_core/Debug\liblpmsp430g2553_core.a(HardwareSerial.o)
                0x0000d4ee                uart_tx_isr
 .text.startup._GLOBAL__sub_I_rx_buffer
                0x0000d52a       0x44 E:/OneDrive/CCS/lpmsp430g2553_core/Debug\liblpmsp430g2553_core.a(HardwareSerial.o)
 .text._ZN5Print5writeEPKhj
                0x0000d56e       0x2e E:/OneDrive/CCS/lpmsp430g2553_core/Debug\liblpmsp430g2553_core.a(Print.o)
                0x0000d56e                Print::write(unsigned char const*, unsigned int)
 .text._ZN5Print5printEPKc
                0x0000d59c       0x16 E:/OneDrive/CCS/lpmsp430g2553_core/Debug\liblpmsp430g2553_core.a(Print.o)
                0x0000d59c                Print::print(char const*)
 .text._ZN5Print5printEc
                0x0000d5b2        0x6 E:/OneDrive/CCS/lpmsp430g2553_core/Debug\liblpmsp430g2553_core.a(Print.o)
                0x0000d5b2                Print::print(char)
 .text._ZN5Print7printlnEv
                0x0000d5b8       0x22 E:/OneDrive/CCS/lpmsp430g2553_core/Debug\liblpmsp430g2553_core.a(Print.o)
                0x0000d5b8                Print::println()
 .text._ZN5Print7printlnEPKc
                0x0000d5da       0x1a E:/OneDrive/CCS/lpmsp430g2553_core/Debug\liblpmsp430g2553_core.a(Print.o)
                0x0000d5da                Print::println(char const*)
 .text.usci_isr_install
                0x0000d5f4        0x2 E:/OneDrive/CCS/lpmsp430g2553_core/Debug\liblpmsp430g2553_core.a(usci_isr_handler.o)
                0x0000d5f4                usci_isr_install
 .text.USCIAB0TX_ISR
                0x0000d5f6       0x52 E:/OneDrive/CCS/lpmsp430g2553_core/Debug\liblpmsp430g2553_core.a(usci_isr_handler.o)
                0x0000d5f6                USCIAB0TX_ISR
                0x0000d5f6                __isr_6
 .text.USCIAB0RX_ISR
                0x0000d648       0x44 E:/OneDrive/CCS/lpmsp430g2553_core/Debug\liblpmsp430g2553_core.a(usci_isr_handler.o)
                0x0000d648                USCIAB0RX_ISR
                0x0000d648                __isr_7
 .text.i2c_txrx_isr
                0x0000d68c       0xe8 E:/OneDrive/CCS/lpmsp430g2553_core/Debug\liblpmsp430g2553_core.a(twi.o)
                0x0000d68c                i2c_txrx_isr
 .text.i2c_state_isr
                0x0000d774       0xa2 E:/OneDrive/CCS/lpmsp430g2553_core/Debug\liblpmsp430g2553_core.a(twi.o)
                0x0000d774                i2c_state_isr
 .text.libgcc   0x0000d816       0x22 e:/energia-0101e0014/hardware/tools/msp430/bin/../lib/gcc/msp430/4.6.3\libgcc.a(_udivmod16.o)
                0x0000d816                __ext_udivmod16
                0x0000d816                __udivhi3
                0x0000d830                __umodhi3
 .text.libgcc   0x0000d838       0x40 e:/energia-0101e0014/hardware/tools/msp430/bin/../lib/gcc/msp430/4.6.3\libgcc.a(_udivmod32.o)
                0x0000d838                __ext_udivmod32
                0x0000d838                __udivsi3
                0x0000d86e                __umodsi3
 .text          0x0000d878       0x1e e:/energia-0101e0014/hardware/tools/msp430/bin/../lib/gcc/msp430/4.6.3/../../../../msp430/lib\libc.a(strcmp.o)
                0x0000d878                strcmp
 .text.crt0     0x0000d896        0x2 e:/energia-0101e0014/hardware/tools/msp430/bin/../lib/gcc/msp430/4.6.3\libcrt0.a(_unexpected_.o)
                0x0000d896                _unexpected_
                0x0000d898                . = ALIGN (0x2)

.rodata         0x0000d898       0xd0
                0x0000d898                . = ALIGN (0x2)
 *(.rodata .rodata.* .gnu.linkonce.r.*)
 .rodata._ZTV6Enrf24
                0x0000d898        0xa ./Enrf24.o
                0x0000d898                vtable for Enrf24
 .rodata._Z31dump_radio_status_to_serialporth
                0x0000d8a2       0x30 ./RF_Light_Remote_Base.o
 .rodata.loop   0x0000d8d2        0x8 ./RF_Light_Remote_Base.o
 .rodata        0x0000d8da       0x1e ./RF_Light_Remote_Base.o
 .rodata._ZL6rxaddr
                0x0000d8f8        0x5 ./RF_Light_Remote_Base.o
 .rodata.digital_pin_to_bit_mask
                0x0000d8fd       0x15 E:/OneDrive/CCS/lpmsp430g2553_core/Debug\liblpmsp430g2553_core.a(wiring_digital.o)
                0x0000d8fd                digital_pin_to_bit_mask
 .rodata.digital_pin_to_port
                0x0000d912       0x15 E:/OneDrive/CCS/lpmsp430g2553_core/Debug\liblpmsp430g2553_core.a(wiring_digital.o)
                0x0000d912                digital_pin_to_port
 *fill*         0x0000d927        0x1 00
 .rodata.port_to_sel2
                0x0000d928        0x8 E:/OneDrive/CCS/lpmsp430g2553_core/Debug\liblpmsp430g2553_core.a(wiring_digital.o)
                0x0000d928                port_to_sel2
 .rodata.port_to_sel0
                0x0000d930        0x8 E:/OneDrive/CCS/lpmsp430g2553_core/Debug\liblpmsp430g2553_core.a(wiring_digital.o)
                0x0000d930                port_to_sel0
 .rodata.port_to_ren
                0x0000d938        0x8 E:/OneDrive/CCS/lpmsp430g2553_core/Debug\liblpmsp430g2553_core.a(wiring_digital.o)
                0x0000d938                port_to_ren
 .rodata.port_to_dir
                0x0000d940        0x8 E:/OneDrive/CCS/lpmsp430g2553_core/Debug\liblpmsp430g2553_core.a(wiring_digital.o)
                0x0000d940                port_to_dir
 .rodata.port_to_output
                0x0000d948        0x8 E:/OneDrive/CCS/lpmsp430g2553_core/Debug\liblpmsp430g2553_core.a(wiring_digital.o)
                0x0000d948                port_to_output
 .rodata.port_to_input
                0x0000d950        0x8 E:/OneDrive/CCS/lpmsp430g2553_core/Debug\liblpmsp430g2553_core.a(wiring_digital.o)
                0x0000d950                port_to_input
 .rodata._ZTV14HardwareSerial
                0x0000d958       0x10 E:/OneDrive/CCS/lpmsp430g2553_core/Debug\liblpmsp430g2553_core.a(HardwareSerial.o)
                0x0000d958                vtable for HardwareSerial
                0x0000d968                . = ALIGN (0x2)
                0x0000d968                _etext = .

.data           0x00000200        0x8 load address 0x0000d968
                0x00000200                . = ALIGN (0x2)
                0x00000200                PROVIDE (__data_start, .)
 *(.data .data.* .gnu.linkonce.d.*)
 .data.str_sens4
                0x00000200        0x2 ./RF_Light_Remote_Base.o
                0x00000200                str_sens4
 .data.str_sens3
                0x00000202        0x2 ./RF_Light_Remote_Base.o
                0x00000202                str_sens3
 .data.str_sens2
                0x00000204        0x2 ./RF_Light_Remote_Base.o
                0x00000204                str_sens2
 .data.str_sens1
                0x00000206        0x2 ./RF_Light_Remote_Base.o
                0x00000206                str_sens1
                0x00000208                . = ALIGN (0x2)
                0x00000208                _edata = .
                0x0000d968                PROVIDE (__data_load_start, LOADADDR (.data))
                0x00000008                PROVIDE (__data_size, SIZEOF (.data))

.bss            0x00000208       0xe8 load address 0x0000d970
                0x00000208                PROVIDE (__bss_start, .)
 *(.bss .bss.*)
 .bss.radio     0x00000208       0x30 ./RF_Light_Remote_Base.o
                0x00000208                radio
 .bss.SPI       0x00000238        0x2 E:/OneDrive/CCS/lpmsp430g2553_SPI/Debug\liblpmsp430g2553_SPI.a(SPI.o)
                0x00000238                SPI
 .bss.intChangeVectP2
                0x0000023a        0x1 E:/OneDrive/CCS/lpmsp430g2553_core/Debug\liblpmsp430g2553_core.a(WInterrupts.o)
 *fill*         0x0000023b        0x1 00
 .bss.intFuncP2
                0x0000023c       0x10 E:/OneDrive/CCS/lpmsp430g2553_core/Debug\liblpmsp430g2553_core.a(WInterrupts.o)
 .bss.intChangeVectP1
                0x0000024c        0x1 E:/OneDrive/CCS/lpmsp430g2553_core/Debug\liblpmsp430g2553_core.a(WInterrupts.o)
 *fill*         0x0000024d        0x1 00
 .bss.intFuncP1
                0x0000024e       0x10 E:/OneDrive/CCS/lpmsp430g2553_core/Debug\liblpmsp430g2553_core.a(WInterrupts.o)
 .bss.vlo_freq  0x0000025e        0x2 E:/OneDrive/CCS/lpmsp430g2553_core/Debug\liblpmsp430g2553_core.a(wiring.o)
                0x0000025e                vlo_freq
 .bss.stay_asleep
                0x00000260        0x1 E:/OneDrive/CCS/lpmsp430g2553_core/Debug\liblpmsp430g2553_core.a(wiring.o)
                0x00000260                stay_asleep
 .bss.sleeping  0x00000261        0x1 E:/OneDrive/CCS/lpmsp430g2553_core/Debug\liblpmsp430g2553_core.a(wiring.o)
                0x00000261                sleeping
 .bss.wdt_fract
                0x00000262        0x2 E:/OneDrive/CCS/lpmsp430g2553_core/Debug\liblpmsp430g2553_core.a(wiring.o)
                0x00000262                wdt_fract
 .bss.wdt_millis
                0x00000264        0x4 E:/OneDrive/CCS/lpmsp430g2553_core/Debug\liblpmsp430g2553_core.a(wiring.o)
                0x00000264                wdt_millis
 .bss.wdt_overflow_count
                0x00000268        0x4 E:/OneDrive/CCS/lpmsp430g2553_core/Debug\liblpmsp430g2553_core.a(wiring.o)
                0x00000268                wdt_overflow_count
 .bss.Serial    0x0000026c       0x1a E:/OneDrive/CCS/lpmsp430g2553_core/Debug\liblpmsp430g2553_core.a(HardwareSerial.o)
                0x0000026c                Serial
 .bss.tx_buffer
                0x00000286       0x14 E:/OneDrive/CCS/lpmsp430g2553_core/Debug\liblpmsp430g2553_core.a(HardwareSerial.o)
                0x00000286                tx_buffer
 .bss.rx_buffer
                0x0000029a       0x14 E:/OneDrive/CCS/lpmsp430g2553_core/Debug\liblpmsp430g2553_core.a(HardwareSerial.o)
                0x0000029a                rx_buffer
 .bss.still_asleep
                0x000002ae        0x1 E:/OneDrive/CCS/lpmsp430g2553_core/Debug\liblpmsp430g2553_core.a(usci_isr_handler.o)
 .bss.twi_error
                0x000002af        0x1 E:/OneDrive/CCS/lpmsp430g2553_core/Debug\liblpmsp430g2553_core.a(twi.o)
 .bss.twi_rxBufferIndex
                0x000002b0        0x1 E:/OneDrive/CCS/lpmsp430g2553_core/Debug\liblpmsp430g2553_core.a(twi.o)
 .bss.twi_txBufferLength
                0x000002b1        0x1 E:/OneDrive/CCS/lpmsp430g2553_core/Debug\liblpmsp430g2553_core.a(twi.o)
 .bss.twi_txBufferIndex
                0x000002b2        0x1 E:/OneDrive/CCS/lpmsp430g2553_core/Debug\liblpmsp430g2553_core.a(twi.o)
 .bss.twi_masterBufferIndex
                0x000002b3        0x1 E:/OneDrive/CCS/lpmsp430g2553_core/Debug\liblpmsp430g2553_core.a(twi.o)
 .bss.twi_inRepStart
                0x000002b4        0x1 E:/OneDrive/CCS/lpmsp430g2553_core/Debug\liblpmsp430g2553_core.a(twi.o)
 .bss.twi_sendStop
                0x000002b5        0x1 E:/OneDrive/CCS/lpmsp430g2553_core/Debug\liblpmsp430g2553_core.a(twi.o)
 .bss.twi_state
                0x000002b6        0x1 E:/OneDrive/CCS/lpmsp430g2553_core/Debug\liblpmsp430g2553_core.a(twi.o)
 .bss.twi_masterBufferLength
                0x000002b7        0x1 E:/OneDrive/CCS/lpmsp430g2553_core/Debug\liblpmsp430g2553_core.a(twi.o)
 .bss.twi_masterBuffer
                0x000002b8       0x10 E:/OneDrive/CCS/lpmsp430g2553_core/Debug\liblpmsp430g2553_core.a(twi.o)
 .bss.twi_txBuffer
                0x000002c8       0x10 E:/OneDrive/CCS/lpmsp430g2553_core/Debug\liblpmsp430g2553_core.a(twi.o)
 .bss.twi_onSlaveReceive
                0x000002d8        0x2 E:/OneDrive/CCS/lpmsp430g2553_core/Debug\liblpmsp430g2553_core.a(twi.o)
 .bss.twi_onSlaveTransmit
                0x000002da        0x2 E:/OneDrive/CCS/lpmsp430g2553_core/Debug\liblpmsp430g2553_core.a(twi.o)
 .bss.twi_rxBuffer
                0x000002dc       0x10 E:/OneDrive/CCS/lpmsp430g2553_core/Debug\liblpmsp430g2553_core.a(twi.o)
 *(COMMON)
 COMMON         0x000002ec        0x4 E:/OneDrive/CCS/lpmsp430g2553_core/Debug\liblpmsp430g2553_core.a(wiring.o)
                0x000002ec                SMILLIS_INC
                0x000002ee                SFRACT_INC
                0x000002f0                . = ALIGN (0x2)
                0x000002f0                PROVIDE (__bss_end, .)
                0x000000e8                PROVIDE (__bss_size, SIZEOF (.bss))

.noinit         0x000002f0        0x2 load address 0x0000d970
                0x000002f0                PROVIDE (__noinit_start, .)
 *(.noinit .noinit.*)
 .noinit.crt0   0x000002f0        0x2 e:/energia-0101e0014/hardware/tools/msp430/bin/../lib/gcc/msp430/4.6.3\libcrt0.a(__watchdog_support.o)
                0x000002f0                __wdt_clear_value
                0x000002f2                . = ALIGN (0x2)
                0x000002f2                PROVIDE (__noinit_end, .)
                0x000002f2                . = ALIGN (0x2)
                0x000002f2                _end = .

.infomem        0x00001000        0x0
 *(.infomem)
                0x00001000                . = ALIGN (0x2)
 *(.infomem.*)

.infomemnobits  0x00001000        0x0
 *(.infomemnobits)
                0x00001000                . = ALIGN (0x2)
 *(.infomemnobits.*)

.infoa
 *(.infoa .infoa.*)

.infob
 *(.infob .infob.*)

.infoc
 *(.infoc .infoc.*)

.infod
 *(.infod .infod.*)

.vectors        0x0000ffe0       0x20
                0x0000ffe0                PROVIDE (__vectors_start, .)
 *(.vectors*)
 .vectors       0x0000ffe0       0x20 e:/energia-0101e0014/hardware/tools/msp430/bin/../lib/gcc/msp430/4.6.3/crt0ivtbl16.o
                0x0000ffe0                __ivtbl_16
                0x00010000                _vectors_end = .

.fartext        0x00000000        0x0
                0x00000000                . = ALIGN (0x2)
 *(.fartext)
                0x00000000                . = ALIGN (0x2)
 *(.fartext.*)
                0x00000000                _efartext = .

.profiler
 *(.profiler)

.stab
 *(.stab)

.stabstr
 *(.stabstr)

.stab.excl
 *(.stab.excl)

.stab.exclstr
 *(.stab.exclstr)

.stab.index
 *(.stab.index)

.stab.indexstr
 *(.stab.indexstr)

.comment
 *(.comment)

.debug
 *(.debug)

.line
 *(.line)

.debug_srcinfo
 *(.debug_srcinfo)

.debug_sfnames
 *(.debug_sfnames)

.debug_aranges  0x00000000      0x81c
 *(.debug_aranges)
 .debug_aranges
                0x00000000       0xbc ./Enrf24.o
 .debug_aranges
                0x000000bc       0x24 ./RF_Light_Remote_Base.o
 .debug_aranges
                0x000000e0       0x24 E:/OneDrive/CCS/lpmsp430g2553_SPI/Debug\liblpmsp430g2553_SPI.a(SPI.o)
 .debug_aranges
                0x00000104       0x28 E:/OneDrive/CCS/lpmsp430g2553_SPI/Debug\liblpmsp430g2553_SPI.a(usci_spi.o)
 .debug_aranges
                0x0000012c       0x20 E:/OneDrive/CCS/lpmsp430g2553_core/Debug\liblpmsp430g2553_core.a(WInterrupts.o)
 .debug_aranges
                0x0000014c       0x48 E:/OneDrive/CCS/lpmsp430g2553_core/Debug\liblpmsp430g2553_core.a(wiring.o)
 .debug_aranges
                0x00000194       0x20 E:/OneDrive/CCS/lpmsp430g2553_core/Debug\liblpmsp430g2553_core.a(wiring_digital.o)
 .debug_aranges
                0x000001b4       0x44 E:/OneDrive/CCS/lpmsp430g2553_core/Debug\liblpmsp430g2553_core.a(HardwareSerial.o)
 .debug_aranges
                0x000001f8       0x14 E:/OneDrive/CCS/lpmsp430g2553_core/Debug\liblpmsp430g2553_core.a(main.o)
 .debug_aranges
                0x0000020c       0x70 E:/OneDrive/CCS/lpmsp430g2553_core/Debug\liblpmsp430g2553_core.a(Print.o)
 .debug_aranges
                0x0000027c      0x144 E:/OneDrive/CCS/lpmsp430g2553_core/Debug\liblpmsp430g2553_core.a(WString.o)
 .debug_aranges
                0x000003c0       0x14 E:/OneDrive/CCS/lpmsp430g2553_core/Debug\liblpmsp430g2553_core.a(atof.o)
 .debug_aranges
                0x000003d4       0x14 E:/OneDrive/CCS/lpmsp430g2553_core/Debug\liblpmsp430g2553_core.a(dtostrf.o)
 .debug_aranges
                0x000003e8       0x20 E:/OneDrive/CCS/lpmsp430g2553_core/Debug\liblpmsp430g2553_core.a(itoa.o)
 .debug_aranges
                0x00000408       0x1c E:/OneDrive/CCS/lpmsp430g2553_core/Debug\liblpmsp430g2553_core.a(usci_isr_handler.o)
 .debug_aranges
                0x00000424       0x28 E:/OneDrive/CCS/lpmsp430g2553_core/Debug\liblpmsp430g2553_core.a(new.o)
 .debug_aranges
                0x0000044c       0x38 E:/OneDrive/CCS/lpmsp430g2553_core/Debug\liblpmsp430g2553_core.a(twi.o)
 .debug_aranges
                0x00000484       0x14 e:/energia-0101e0014/hardware/tools/msp430/bin/../lib/gcc/msp430/4.6.3/../../../../msp430/lib\libm.a(ef_pow.o)
 .debug_aranges
                0x00000498       0x14 e:/energia-0101e0014/hardware/tools/msp430/bin/../lib/gcc/msp430/4.6.3/../../../../msp430/lib\libm.a(sf_scalbn.o)
 .debug_aranges
                0x000004ac       0x14 e:/energia-0101e0014/hardware/tools/msp430/bin/../lib/gcc/msp430/4.6.3/../../../../msp430/lib\libm.a(ef_sqrt.o)
 .debug_aranges
                0x000004c0       0x14 e:/energia-0101e0014/hardware/tools/msp430/bin/../lib/gcc/msp430/4.6.3\libgcc.a(_mulqi3.o)
 .debug_aranges
                0x000004d4       0x14 e:/energia-0101e0014/hardware/tools/msp430/bin/../lib/gcc/msp430/4.6.3\libgcc.a(_mulhi3.o)
 .debug_aranges
                0x000004e8       0x14 e:/energia-0101e0014/hardware/tools/msp430/bin/../lib/gcc/msp430/4.6.3\libgcc.a(_mulsi3.o)
 .debug_aranges
                0x000004fc       0x14 e:/energia-0101e0014/hardware/tools/msp430/bin/../lib/gcc/msp430/4.6.3\libgcc.a(_udivmod16.o)
 .debug_aranges
                0x00000510       0x14 e:/energia-0101e0014/hardware/tools/msp430/bin/../lib/gcc/msp430/4.6.3\libgcc.a(_udivmod32.o)
 .debug_aranges
                0x00000524       0x14 e:/energia-0101e0014/hardware/tools/msp430/bin/../lib/gcc/msp430/4.6.3\libgcc.a(_fixunssfsi.o)
 .debug_aranges
                0x00000538       0x14 e:/energia-0101e0014/hardware/tools/msp430/bin/../lib/gcc/msp430/4.6.3\libgcc.a(_addsub_sf.o)
 .debug_aranges
                0x0000054c       0x14 e:/energia-0101e0014/hardware/tools/msp430/bin/../lib/gcc/msp430/4.6.3\libgcc.a(_mul_sf.o)
 .debug_aranges
                0x00000560       0x14 e:/energia-0101e0014/hardware/tools/msp430/bin/../lib/gcc/msp430/4.6.3\libgcc.a(_div_sf.o)
 .debug_aranges
                0x00000574       0x14 e:/energia-0101e0014/hardware/tools/msp430/bin/../lib/gcc/msp430/4.6.3\libgcc.a(_gt_sf.o)
 .debug_aranges
                0x00000588       0x14 e:/energia-0101e0014/hardware/tools/msp430/bin/../lib/gcc/msp430/4.6.3\libgcc.a(_ge_sf.o)
 .debug_aranges
                0x0000059c       0x14 e:/energia-0101e0014/hardware/tools/msp430/bin/../lib/gcc/msp430/4.6.3\libgcc.a(_lt_sf.o)
 .debug_aranges
                0x000005b0       0x14 e:/energia-0101e0014/hardware/tools/msp430/bin/../lib/gcc/msp430/4.6.3\libgcc.a(_le_sf.o)
 .debug_aranges
                0x000005c4       0x14 e:/energia-0101e0014/hardware/tools/msp430/bin/../lib/gcc/msp430/4.6.3\libgcc.a(_si_to_sf.o)
 .debug_aranges
                0x000005d8       0x14 e:/energia-0101e0014/hardware/tools/msp430/bin/../lib/gcc/msp430/4.6.3\libgcc.a(_sf_to_si.o)
 .debug_aranges
                0x000005ec       0x14 e:/energia-0101e0014/hardware/tools/msp430/bin/../lib/gcc/msp430/4.6.3\libgcc.a(_usi_to_sf.o)
 .debug_aranges
                0x00000600       0x14 e:/energia-0101e0014/hardware/tools/msp430/bin/../lib/gcc/msp430/4.6.3\libgcc.a(_clzsi2.o)
 .debug_aranges
                0x00000614       0x14 e:/energia-0101e0014/hardware/tools/msp430/bin/../lib/gcc/msp430/4.6.3\libgcc.a(_pack_sf.o)
 .debug_aranges
                0x00000628       0x14 e:/energia-0101e0014/hardware/tools/msp430/bin/../lib/gcc/msp430/4.6.3\libgcc.a(_unpack_sf.o)
 .debug_aranges
                0x0000063c       0x14 e:/energia-0101e0014/hardware/tools/msp430/bin/../lib/gcc/msp430/4.6.3\libgcc.a(_fpcmp_parts_sf.o)
 .debug_aranges
                0x00000650       0x14 e:/energia-0101e0014/hardware/tools/msp430/bin/../lib/gcc/msp430/4.6.3/../../../../msp430/lib\libc.a(strchr.o)
 .debug_aranges
                0x00000664       0x14 e:/energia-0101e0014/hardware/tools/msp430/bin/../lib/gcc/msp430/4.6.3/../../../../msp430/lib\libc.a(strcmp.o)
 .debug_aranges
                0x00000678       0x14 e:/energia-0101e0014/hardware/tools/msp430/bin/../lib/gcc/msp430/4.6.3/../../../../msp430/lib\libc.a(strncmp.o)
 .debug_aranges
                0x0000068c       0x14 e:/energia-0101e0014/hardware/tools/msp430/bin/../lib/gcc/msp430/4.6.3/../../../../msp430/lib\libc.a(strcpy.o)
 .debug_aranges
                0x000006a0       0x14 e:/energia-0101e0014/hardware/tools/msp430/bin/../lib/gcc/msp430/4.6.3/../../../../msp430/lib\libc.a(strncpy.o)
 .debug_aranges
                0x000006b4       0x14 e:/energia-0101e0014/hardware/tools/msp430/bin/../lib/gcc/msp430/4.6.3/../../../../msp430/lib\libc.a(memcpy.o)
 .debug_aranges
                0x000006c8       0x14 e:/energia-0101e0014/hardware/tools/msp430/bin/../lib/gcc/msp430/4.6.3/../../../../msp430/lib\libc.a(memmove.o)
 .debug_aranges
                0x000006dc       0x14 e:/energia-0101e0014/hardware/tools/msp430/bin/../lib/gcc/msp430/4.6.3/../../../../msp430/lib\libc.a(strrchr.o)
 .debug_aranges
                0x000006f0       0x14 e:/energia-0101e0014/hardware/tools/msp430/bin/../lib/gcc/msp430/4.6.3/../../../../msp430/lib\libc.a(strstr.o)
 .debug_aranges
                0x00000704       0x14 e:/energia-0101e0014/hardware/tools/msp430/bin/../lib/gcc/msp430/4.6.3/../../../../msp430/lib\libc.a(atol.o)
 .debug_aranges
                0x00000718       0x14 e:/energia-0101e0014/hardware/tools/msp430/bin/../lib/gcc/msp430/4.6.3/../../../../msp430/lib\libc.a(malloc.o)
 .debug_aranges
                0x0000072c       0x14 e:/energia-0101e0014/hardware/tools/msp430/bin/../lib/gcc/msp430/4.6.3/../../../../msp430/lib\libc.a(strtol.o)
 .debug_aranges
                0x00000740       0x14 e:/energia-0101e0014/hardware/tools/msp430/bin/../lib/gcc/msp430/4.6.3/../../../../msp430/lib\libc.a(sprintf.o)
 .debug_aranges
                0x00000754       0x14 e:/energia-0101e0014/hardware/tools/msp430/bin/../lib/gcc/msp430/4.6.3/../../../../msp430/lib\libc.a(vuprintf.o)
 .debug_aranges
                0x00000768       0x14 e:/energia-0101e0014/hardware/tools/msp430/bin/../lib/gcc/msp430/4.6.3\libgcc.a(_divmod32.o)
 .debug_aranges
                0x0000077c       0x14 e:/energia-0101e0014/hardware/tools/msp430/bin/../lib/gcc/msp430/4.6.3\libgcc.a(_udivmod64.o)
 .debug_aranges
                0x00000790       0x14 e:/energia-0101e0014/hardware/tools/msp430/bin/../lib/gcc/msp430/4.6.3\libcrt0.a(__watchdog_support.o)
 .debug_aranges
                0x000007a4       0x14 e:/energia-0101e0014/hardware/tools/msp430/bin/../lib/gcc/msp430/4.6.3\libcrt0.a(__init_stack.o)
 .debug_aranges
                0x000007b8       0x14 e:/energia-0101e0014/hardware/tools/msp430/bin/../lib/gcc/msp430/4.6.3\libcrt0.a(_copy_data.o)
 .debug_aranges
                0x000007cc       0x14 e:/energia-0101e0014/hardware/tools/msp430/bin/../lib/gcc/msp430/4.6.3\libcrt0.a(_clear_bss.o)
 .debug_aranges
                0x000007e0       0x14 e:/energia-0101e0014/hardware/tools/msp430/bin/../lib/gcc/msp430/4.6.3\libcrt0.a(_endless_loop__.o)
 .debug_aranges
                0x000007f4       0x14 e:/energia-0101e0014/hardware/tools/msp430/bin/../lib/gcc/msp430/4.6.3\libcrt0.a(_unexpected_.o)
 .debug_aranges
                0x00000808       0x14 e:/energia-0101e0014/hardware/tools/msp430/bin/../lib/gcc/msp430/4.6.3\libcrt0.a(_ctors430.o)

.debug_pubnames
 *(.debug_pubnames)

.debug_info     0x00000000     0xe978
 *(.debug_info)
 .debug_info    0x00000000     0x162c ./Enrf24.o
 .debug_info    0x0000162c      0x48d ./RF_Light_Remote_Base.o
 .debug_info    0x00001ab9      0x37b E:/OneDrive/CCS/lpmsp430g2553_SPI/Debug\liblpmsp430g2553_SPI.a(SPI.o)
 .debug_info    0x00001e34      0x3a7 E:/OneDrive/CCS/lpmsp430g2553_SPI/Debug\liblpmsp430g2553_SPI.a(usci_spi.o)
 .debug_info    0x000021db      0x49d E:/OneDrive/CCS/lpmsp430g2553_core/Debug\liblpmsp430g2553_core.a(WInterrupts.o)
 .debug_info    0x00002678      0x5e9 E:/OneDrive/CCS/lpmsp430g2553_core/Debug\liblpmsp430g2553_core.a(wiring.o)
 .debug_info    0x00002c61      0x74f E:/OneDrive/CCS/lpmsp430g2553_core/Debug\liblpmsp430g2553_core.a(wiring_digital.o)
 .debug_info    0x000033b0     0x1834 E:/OneDrive/CCS/lpmsp430g2553_core/Debug\liblpmsp430g2553_core.a(HardwareSerial.o)
 .debug_info    0x00004be4      0x25c E:/OneDrive/CCS/lpmsp430g2553_core/Debug\liblpmsp430g2553_core.a(main.o)
 .debug_info    0x00004e40     0x1b82 E:/OneDrive/CCS/lpmsp430g2553_core/Debug\liblpmsp430g2553_core.a(Print.o)
 .debug_info    0x000069c2     0x2767 E:/OneDrive/CCS/lpmsp430g2553_core/Debug\liblpmsp430g2553_core.a(WString.o)
 .debug_info    0x00009129       0xd6 E:/OneDrive/CCS/lpmsp430g2553_core/Debug\liblpmsp430g2553_core.a(atof.o)
 .debug_info    0x000091ff      0x14b E:/OneDrive/CCS/lpmsp430g2553_core/Debug\liblpmsp430g2553_core.a(dtostrf.o)
 .debug_info    0x0000934a      0x224 E:/OneDrive/CCS/lpmsp430g2553_core/Debug\liblpmsp430g2553_core.a(itoa.o)
 .debug_info    0x0000956e      0x2cf E:/OneDrive/CCS/lpmsp430g2553_core/Debug\liblpmsp430g2553_core.a(usci_isr_handler.o)
 .debug_info    0x0000983d      0x142 E:/OneDrive/CCS/lpmsp430g2553_core/Debug\liblpmsp430g2553_core.a(new.o)
 .debug_info    0x0000997f      0x5f0 E:/OneDrive/CCS/lpmsp430g2553_core/Debug\liblpmsp430g2553_core.a(twi.o)
 .debug_info    0x00009f6f      0x5ea e:/energia-0101e0014/hardware/tools/msp430/bin/../lib/gcc/msp430/4.6.3/../../../../msp430/lib\libm.a(ef_pow.o)
 .debug_info    0x0000a559      0x1e4 e:/energia-0101e0014/hardware/tools/msp430/bin/../lib/gcc/msp430/4.6.3/../../../../msp430/lib\libm.a(sf_scalbn.o)
 .debug_info    0x0000a73d      0x208 e:/energia-0101e0014/hardware/tools/msp430/bin/../lib/gcc/msp430/4.6.3/../../../../msp430/lib\libm.a(ef_sqrt.o)
 .debug_info    0x0000a945       0x8d e:/energia-0101e0014/hardware/tools/msp430/bin/../lib/gcc/msp430/4.6.3\libgcc.a(_mulqi3.o)
 .debug_info    0x0000a9d2       0x8d e:/energia-0101e0014/hardware/tools/msp430/bin/../lib/gcc/msp430/4.6.3\libgcc.a(_mulhi3.o)
 .debug_info    0x0000aa5f       0x8d e:/energia-0101e0014/hardware/tools/msp430/bin/../lib/gcc/msp430/4.6.3\libgcc.a(_mulsi3.o)
 .debug_info    0x0000aaec       0x8d e:/energia-0101e0014/hardware/tools/msp430/bin/../lib/gcc/msp430/4.6.3\libgcc.a(_udivmod16.o)
 .debug_info    0x0000ab79       0x8d e:/energia-0101e0014/hardware/tools/msp430/bin/../lib/gcc/msp430/4.6.3\libgcc.a(_udivmod32.o)
 .debug_info    0x0000ac06       0xb5 e:/energia-0101e0014/hardware/tools/msp430/bin/../lib/gcc/msp430/4.6.3\libgcc.a(_fixunssfsi.o)
 .debug_info    0x0000acbb      0x425 e:/energia-0101e0014/hardware/tools/msp430/bin/../lib/gcc/msp430/4.6.3\libgcc.a(_addsub_sf.o)
 .debug_info    0x0000b0e0      0x3c9 e:/energia-0101e0014/hardware/tools/msp430/bin/../lib/gcc/msp430/4.6.3\libgcc.a(_mul_sf.o)
 .debug_info    0x0000b4a9      0x35c e:/energia-0101e0014/hardware/tools/msp430/bin/../lib/gcc/msp430/4.6.3\libgcc.a(_div_sf.o)
 .debug_info    0x0000b805      0x26e e:/energia-0101e0014/hardware/tools/msp430/bin/../lib/gcc/msp430/4.6.3\libgcc.a(_gt_sf.o)
 .debug_info    0x0000ba73      0x26e e:/energia-0101e0014/hardware/tools/msp430/bin/../lib/gcc/msp430/4.6.3\libgcc.a(_ge_sf.o)
 .debug_info    0x0000bce1      0x26e e:/energia-0101e0014/hardware/tools/msp430/bin/../lib/gcc/msp430/4.6.3\libgcc.a(_lt_sf.o)
 .debug_info    0x0000bf4f      0x26e e:/energia-0101e0014/hardware/tools/msp430/bin/../lib/gcc/msp430/4.6.3\libgcc.a(_le_sf.o)
 .debug_info    0x0000c1bd      0x20b e:/energia-0101e0014/hardware/tools/msp430/bin/../lib/gcc/msp430/4.6.3\libgcc.a(_si_to_sf.o)
 .debug_info    0x0000c3c8      0x289 e:/energia-0101e0014/hardware/tools/msp430/bin/../lib/gcc/msp430/4.6.3\libgcc.a(_sf_to_si.o)
 .debug_info    0x0000c651      0x144 e:/energia-0101e0014/hardware/tools/msp430/bin/../lib/gcc/msp430/4.6.3\libgcc.a(_thenan_sf.o)
 .debug_info    0x0000c795      0x204 e:/energia-0101e0014/hardware/tools/msp430/bin/../lib/gcc/msp430/4.6.3\libgcc.a(_usi_to_sf.o)
 .debug_info    0x0000c999      0x109 e:/energia-0101e0014/hardware/tools/msp430/bin/../lib/gcc/msp430/4.6.3\libgcc.a(_clzsi2.o)
 .debug_info    0x0000caa2      0x2b1 e:/energia-0101e0014/hardware/tools/msp430/bin/../lib/gcc/msp430/4.6.3\libgcc.a(_pack_sf.o)
 .debug_info    0x0000cd53      0x23e e:/energia-0101e0014/hardware/tools/msp430/bin/../lib/gcc/msp430/4.6.3\libgcc.a(_unpack_sf.o)
 .debug_info    0x0000cf91      0x1d5 e:/energia-0101e0014/hardware/tools/msp430/bin/../lib/gcc/msp430/4.6.3\libgcc.a(_fpcmp_parts_sf.o)
 .debug_info    0x0000d166       0xa0 e:/energia-0101e0014/hardware/tools/msp430/bin/../lib/gcc/msp430/4.6.3\libgcc.a(_clz.o)
 .debug_info    0x0000d206       0xa7 e:/energia-0101e0014/hardware/tools/msp430/bin/../lib/gcc/msp430/4.6.3/../../../../msp430/lib\libc.a(strchr.o)
 .debug_info    0x0000d2ad       0xa4 e:/energia-0101e0014/hardware/tools/msp430/bin/../lib/gcc/msp430/4.6.3/../../../../msp430/lib\libc.a(strcmp.o)
 .debug_info    0x0000d351       0xbb e:/energia-0101e0014/hardware/tools/msp430/bin/../lib/gcc/msp430/4.6.3/../../../../msp430/lib\libc.a(strncmp.o)
 .debug_info    0x0000d40c       0xb6 e:/energia-0101e0014/hardware/tools/msp430/bin/../lib/gcc/msp430/4.6.3/../../../../msp430/lib\libc.a(strcpy.o)
 .debug_info    0x0000d4c2       0xe1 e:/energia-0101e0014/hardware/tools/msp430/bin/../lib/gcc/msp430/4.6.3/../../../../msp430/lib\libc.a(strncpy.o)
 .debug_info    0x0000d5a3      0x113 e:/energia-0101e0014/hardware/tools/msp430/bin/../lib/gcc/msp430/4.6.3/../../../../msp430/lib\libc.a(memcpy.o)
 .debug_info    0x0000d6b6      0x113 e:/energia-0101e0014/hardware/tools/msp430/bin/../lib/gcc/msp430/4.6.3/../../../../msp430/lib\libc.a(memmove.o)
 .debug_info    0x0000d7c9       0xb7 e:/energia-0101e0014/hardware/tools/msp430/bin/../lib/gcc/msp430/4.6.3/../../../../msp430/lib\libc.a(strrchr.o)
 .debug_info    0x0000d880       0xe0 e:/energia-0101e0014/hardware/tools/msp430/bin/../lib/gcc/msp430/4.6.3/../../../../msp430/lib\libc.a(strstr.o)
 .debug_info    0x0000d960       0x95 e:/energia-0101e0014/hardware/tools/msp430/bin/../lib/gcc/msp430/4.6.3/../../../../msp430/lib\libc.a(atol.o)
 .debug_info    0x0000d9f5      0x151 e:/energia-0101e0014/hardware/tools/msp430/bin/../lib/gcc/msp430/4.6.3/../../../../msp430/lib\libc.a(malloc.o)
 .debug_info    0x0000db46      0x1d7 e:/energia-0101e0014/hardware/tools/msp430/bin/../lib/gcc/msp430/4.6.3/../../../../msp430/lib\libc.a(strtol.o)
 .debug_info    0x0000dd1d      0x277 e:/energia-0101e0014/hardware/tools/msp430/bin/../lib/gcc/msp430/4.6.3/../../../../msp430/lib\libc.a(sprintf.o)
 .debug_info    0x0000df94      0x565 e:/energia-0101e0014/hardware/tools/msp430/bin/../lib/gcc/msp430/4.6.3/../../../../msp430/lib\libc.a(vuprintf.o)
 .debug_info    0x0000e4f9       0x39 e:/energia-0101e0014/hardware/tools/msp430/bin/../lib/gcc/msp430/4.6.3/../../../../msp430/lib\libc.a(errno.o)
 .debug_info    0x0000e532       0x8d e:/energia-0101e0014/hardware/tools/msp430/bin/../lib/gcc/msp430/4.6.3\libgcc.a(_divmod32.o)
 .debug_info    0x0000e5bf       0x8d e:/energia-0101e0014/hardware/tools/msp430/bin/../lib/gcc/msp430/4.6.3\libgcc.a(_udivmod64.o)
 .debug_info    0x0000e64c       0x74 e:/energia-0101e0014/hardware/tools/msp430/bin/../lib/gcc/msp430/4.6.3\libcrt0.a(__watchdog_support.o)
 .debug_info    0x0000e6c0       0x74 e:/energia-0101e0014/hardware/tools/msp430/bin/../lib/gcc/msp430/4.6.3\libcrt0.a(__init_stack.o)
 .debug_info    0x0000e734       0x74 e:/energia-0101e0014/hardware/tools/msp430/bin/../lib/gcc/msp430/4.6.3\libcrt0.a(_copy_data.o)
 .debug_info    0x0000e7a8       0x74 e:/energia-0101e0014/hardware/tools/msp430/bin/../lib/gcc/msp430/4.6.3\libcrt0.a(_clear_bss.o)
 .debug_info    0x0000e81c       0x74 e:/energia-0101e0014/hardware/tools/msp430/bin/../lib/gcc/msp430/4.6.3\libcrt0.a(_endless_loop__.o)
 .debug_info    0x0000e890       0x74 e:/energia-0101e0014/hardware/tools/msp430/bin/../lib/gcc/msp430/4.6.3\libcrt0.a(_unexpected_.o)
 .debug_info    0x0000e904       0x74 e:/energia-0101e0014/hardware/tools/msp430/bin/../lib/gcc/msp430/4.6.3\libcrt0.a(_ctors430.o)
 *(.gnu.linkonce.wi.*)

.debug_abbrev   0x00000000     0x4208
 *(.debug_abbrev)
 .debug_abbrev  0x00000000      0x414 ./Enrf24.o
 .debug_abbrev  0x00000414      0x203 ./RF_Light_Remote_Base.o
 .debug_abbrev  0x00000617      0x133 E:/OneDrive/CCS/lpmsp430g2553_SPI/Debug\liblpmsp430g2553_SPI.a(SPI.o)
 .debug_abbrev  0x0000074a       0xec E:/OneDrive/CCS/lpmsp430g2553_SPI/Debug\liblpmsp430g2553_SPI.a(usci_spi.o)
 .debug_abbrev  0x00000836      0x167 E:/OneDrive/CCS/lpmsp430g2553_core/Debug\liblpmsp430g2553_core.a(WInterrupts.o)
 .debug_abbrev  0x0000099d      0x22e E:/OneDrive/CCS/lpmsp430g2553_core/Debug\liblpmsp430g2553_core.a(wiring.o)
 .debug_abbrev  0x00000bcb      0x15b E:/OneDrive/CCS/lpmsp430g2553_core/Debug\liblpmsp430g2553_core.a(wiring_digital.o)
 .debug_abbrev  0x00000d26      0x456 E:/OneDrive/CCS/lpmsp430g2553_core/Debug\liblpmsp430g2553_core.a(HardwareSerial.o)
 .debug_abbrev  0x0000117c       0x8f E:/OneDrive/CCS/lpmsp430g2553_core/Debug\liblpmsp430g2553_core.a(main.o)
 .debug_abbrev  0x0000120b      0x32d E:/OneDrive/CCS/lpmsp430g2553_core/Debug\liblpmsp430g2553_core.a(Print.o)
 .debug_abbrev  0x00001538      0x365 E:/OneDrive/CCS/lpmsp430g2553_core/Debug\liblpmsp430g2553_core.a(WString.o)
 .debug_abbrev  0x0000189d       0x83 E:/OneDrive/CCS/lpmsp430g2553_core/Debug\liblpmsp430g2553_core.a(atof.o)
 .debug_abbrev  0x00001920       0xe9 E:/OneDrive/CCS/lpmsp430g2553_core/Debug\liblpmsp430g2553_core.a(dtostrf.o)
 .debug_abbrev  0x00001a09       0xad E:/OneDrive/CCS/lpmsp430g2553_core/Debug\liblpmsp430g2553_core.a(itoa.o)
 .debug_abbrev  0x00001ab6       0xf1 E:/OneDrive/CCS/lpmsp430g2553_core/Debug\liblpmsp430g2553_core.a(usci_isr_handler.o)
 .debug_abbrev  0x00001ba7       0xec E:/OneDrive/CCS/lpmsp430g2553_core/Debug\liblpmsp430g2553_core.a(new.o)
 .debug_abbrev  0x00001c93      0x1d3 E:/OneDrive/CCS/lpmsp430g2553_core/Debug\liblpmsp430g2553_core.a(twi.o)
 .debug_abbrev  0x00001e66      0x140 e:/energia-0101e0014/hardware/tools/msp430/bin/../lib/gcc/msp430/4.6.3/../../../../msp430/lib\libm.a(ef_pow.o)
 .debug_abbrev  0x00001fa6       0xf4 e:/energia-0101e0014/hardware/tools/msp430/bin/../lib/gcc/msp430/4.6.3/../../../../msp430/lib\libm.a(sf_scalbn.o)
 .debug_abbrev  0x0000209a      0x14a e:/energia-0101e0014/hardware/tools/msp430/bin/../lib/gcc/msp430/4.6.3/../../../../msp430/lib\libm.a(ef_sqrt.o)
 .debug_abbrev  0x000021e4       0x14 e:/energia-0101e0014/hardware/tools/msp430/bin/../lib/gcc/msp430/4.6.3\libgcc.a(_mulqi3.o)
 .debug_abbrev  0x000021f8       0x14 e:/energia-0101e0014/hardware/tools/msp430/bin/../lib/gcc/msp430/4.6.3\libgcc.a(_mulhi3.o)
 .debug_abbrev  0x0000220c       0x14 e:/energia-0101e0014/hardware/tools/msp430/bin/../lib/gcc/msp430/4.6.3\libgcc.a(_mulsi3.o)
 .debug_abbrev  0x00002220       0x14 e:/energia-0101e0014/hardware/tools/msp430/bin/../lib/gcc/msp430/4.6.3\libgcc.a(_udivmod16.o)
 .debug_abbrev  0x00002234       0x14 e:/energia-0101e0014/hardware/tools/msp430/bin/../lib/gcc/msp430/4.6.3\libgcc.a(_udivmod32.o)
 .debug_abbrev  0x00002248       0x5d e:/energia-0101e0014/hardware/tools/msp430/bin/../lib/gcc/msp430/4.6.3\libgcc.a(_fixunssfsi.o)
 .debug_abbrev  0x000022a5      0x1ab e:/energia-0101e0014/hardware/tools/msp430/bin/../lib/gcc/msp430/4.6.3\libgcc.a(_addsub_sf.o)
 .debug_abbrev  0x00002450      0x1d9 e:/energia-0101e0014/hardware/tools/msp430/bin/../lib/gcc/msp430/4.6.3\libgcc.a(_mul_sf.o)
 .debug_abbrev  0x00002629      0x1c4 e:/energia-0101e0014/hardware/tools/msp430/bin/../lib/gcc/msp430/4.6.3\libgcc.a(_div_sf.o)
 .debug_abbrev  0x000027ed      0x151 e:/energia-0101e0014/hardware/tools/msp430/bin/../lib/gcc/msp430/4.6.3\libgcc.a(_gt_sf.o)
 .debug_abbrev  0x0000293e      0x151 e:/energia-0101e0014/hardware/tools/msp430/bin/../lib/gcc/msp430/4.6.3\libgcc.a(_ge_sf.o)
 .debug_abbrev  0x00002a8f      0x151 e:/energia-0101e0014/hardware/tools/msp430/bin/../lib/gcc/msp430/4.6.3\libgcc.a(_lt_sf.o)
 .debug_abbrev  0x00002be0      0x151 e:/energia-0101e0014/hardware/tools/msp430/bin/../lib/gcc/msp430/4.6.3\libgcc.a(_le_sf.o)
 .debug_abbrev  0x00002d31      0x164 e:/energia-0101e0014/hardware/tools/msp430/bin/../lib/gcc/msp430/4.6.3\libgcc.a(_si_to_sf.o)
 .debug_abbrev  0x00002e95      0x160 e:/energia-0101e0014/hardware/tools/msp430/bin/../lib/gcc/msp430/4.6.3\libgcc.a(_sf_to_si.o)
 .debug_abbrev  0x00002ff5       0xba e:/energia-0101e0014/hardware/tools/msp430/bin/../lib/gcc/msp430/4.6.3\libgcc.a(_thenan_sf.o)
 .debug_abbrev  0x000030af      0x173 e:/energia-0101e0014/hardware/tools/msp430/bin/../lib/gcc/msp430/4.6.3\libgcc.a(_usi_to_sf.o)
 .debug_abbrev  0x00003222       0xac e:/energia-0101e0014/hardware/tools/msp430/bin/../lib/gcc/msp430/4.6.3\libgcc.a(_clzsi2.o)
 .debug_abbrev  0x000032ce      0x192 e:/energia-0101e0014/hardware/tools/msp430/bin/../lib/gcc/msp430/4.6.3\libgcc.a(_pack_sf.o)
 .debug_abbrev  0x00003460      0x15a e:/energia-0101e0014/hardware/tools/msp430/bin/../lib/gcc/msp430/4.6.3\libgcc.a(_unpack_sf.o)
 .debug_abbrev  0x000035ba      0x10b e:/energia-0101e0014/hardware/tools/msp430/bin/../lib/gcc/msp430/4.6.3\libgcc.a(_fpcmp_parts_sf.o)
 .debug_abbrev  0x000036c5       0x61 e:/energia-0101e0014/hardware/tools/msp430/bin/../lib/gcc/msp430/4.6.3\libgcc.a(_clz.o)
 .debug_abbrev  0x00003726       0x6f e:/energia-0101e0014/hardware/tools/msp430/bin/../lib/gcc/msp430/4.6.3/../../../../msp430/lib\libc.a(strchr.o)
 .debug_abbrev  0x00003795       0x60 e:/energia-0101e0014/hardware/tools/msp430/bin/../lib/gcc/msp430/4.6.3/../../../../msp430/lib\libc.a(strcmp.o)
 .debug_abbrev  0x000037f5       0x7c e:/energia-0101e0014/hardware/tools/msp430/bin/../lib/gcc/msp430/4.6.3/../../../../msp430/lib\libc.a(strncmp.o)
 .debug_abbrev  0x00003871       0x7e e:/energia-0101e0014/hardware/tools/msp430/bin/../lib/gcc/msp430/4.6.3/../../../../msp430/lib\libc.a(strcpy.o)
 .debug_abbrev  0x000038ef       0x94 e:/energia-0101e0014/hardware/tools/msp430/bin/../lib/gcc/msp430/4.6.3/../../../../msp430/lib\libc.a(strncpy.o)
 .debug_abbrev  0x00003983       0x97 e:/energia-0101e0014/hardware/tools/msp430/bin/../lib/gcc/msp430/4.6.3/../../../../msp430/lib\libc.a(memcpy.o)
 .debug_abbrev  0x00003a1a       0x97 e:/energia-0101e0014/hardware/tools/msp430/bin/../lib/gcc/msp430/4.6.3/../../../../msp430/lib\libc.a(memmove.o)
 .debug_abbrev  0x00003ab1       0x7e e:/energia-0101e0014/hardware/tools/msp430/bin/../lib/gcc/msp430/4.6.3/../../../../msp430/lib\libc.a(strrchr.o)
 .debug_abbrev  0x00003b2f       0x8b e:/energia-0101e0014/hardware/tools/msp430/bin/../lib/gcc/msp430/4.6.3/../../../../msp430/lib\libc.a(strstr.o)
 .debug_abbrev  0x00003bba       0x60 e:/energia-0101e0014/hardware/tools/msp430/bin/../lib/gcc/msp430/4.6.3/../../../../msp430/lib\libc.a(atol.o)
 .debug_abbrev  0x00003c1a      0x104 e:/energia-0101e0014/hardware/tools/msp430/bin/../lib/gcc/msp430/4.6.3/../../../../msp430/lib\libc.a(malloc.o)
 .debug_abbrev  0x00003d1e      0x112 e:/energia-0101e0014/hardware/tools/msp430/bin/../lib/gcc/msp430/4.6.3/../../../../msp430/lib\libc.a(strtol.o)
 .debug_abbrev  0x00003e30      0x105 e:/energia-0101e0014/hardware/tools/msp430/bin/../lib/gcc/msp430/4.6.3/../../../../msp430/lib\libc.a(sprintf.o)
 .debug_abbrev  0x00003f35      0x1ef e:/energia-0101e0014/hardware/tools/msp430/bin/../lib/gcc/msp430/4.6.3/../../../../msp430/lib\libc.a(vuprintf.o)
 .debug_abbrev  0x00004124       0x30 e:/energia-0101e0014/hardware/tools/msp430/bin/../lib/gcc/msp430/4.6.3/../../../../msp430/lib\libc.a(errno.o)
 .debug_abbrev  0x00004154       0x14 e:/energia-0101e0014/hardware/tools/msp430/bin/../lib/gcc/msp430/4.6.3\libgcc.a(_divmod32.o)
 .debug_abbrev  0x00004168       0x14 e:/energia-0101e0014/hardware/tools/msp430/bin/../lib/gcc/msp430/4.6.3\libgcc.a(_udivmod64.o)
 .debug_abbrev  0x0000417c       0x14 e:/energia-0101e0014/hardware/tools/msp430/bin/../lib/gcc/msp430/4.6.3\libcrt0.a(__watchdog_support.o)
 .debug_abbrev  0x00004190       0x14 e:/energia-0101e0014/hardware/tools/msp430/bin/../lib/gcc/msp430/4.6.3\libcrt0.a(__init_stack.o)
 .debug_abbrev  0x000041a4       0x14 e:/energia-0101e0014/hardware/tools/msp430/bin/../lib/gcc/msp430/4.6.3\libcrt0.a(_copy_data.o)
 .debug_abbrev  0x000041b8       0x14 e:/energia-0101e0014/hardware/tools/msp430/bin/../lib/gcc/msp430/4.6.3\libcrt0.a(_clear_bss.o)
 .debug_abbrev  0x000041cc       0x14 e:/energia-0101e0014/hardware/tools/msp430/bin/../lib/gcc/msp430/4.6.3\libcrt0.a(_endless_loop__.o)
 .debug_abbrev  0x000041e0       0x14 e:/energia-0101e0014/hardware/tools/msp430/bin/../lib/gcc/msp430/4.6.3\libcrt0.a(_unexpected_.o)
 .debug_abbrev  0x000041f4       0x14 e:/energia-0101e0014/hardware/tools/msp430/bin/../lib/gcc/msp430/4.6.3\libcrt0.a(_ctors430.o)

.debug_line     0x00000000     0x47b6
 *(.debug_line)
 .debug_line    0x00000000      0x6ba ./Enrf24.o
 .debug_line    0x000006ba      0x1f8 ./RF_Light_Remote_Base.o
 .debug_line    0x000008b2      0x167 E:/OneDrive/CCS/lpmsp430g2553_SPI/Debug\liblpmsp430g2553_SPI.a(SPI.o)
 .debug_line    0x00000a19      0x1a8 E:/OneDrive/CCS/lpmsp430g2553_SPI/Debug\liblpmsp430g2553_SPI.a(usci_spi.o)
 .debug_line    0x00000bc1      0x21d E:/OneDrive/CCS/lpmsp430g2553_core/Debug\liblpmsp430g2553_core.a(WInterrupts.o)
 .debug_line    0x00000dde      0x28c E:/OneDrive/CCS/lpmsp430g2553_core/Debug\liblpmsp430g2553_core.a(wiring.o)
 .debug_line    0x0000106a      0x1be E:/OneDrive/CCS/lpmsp430g2553_core/Debug\liblpmsp430g2553_core.a(wiring_digital.o)
 .debug_line    0x00001228      0x2e4 E:/OneDrive/CCS/lpmsp430g2553_core/Debug\liblpmsp430g2553_core.a(HardwareSerial.o)
 .debug_line    0x0000150c      0x125 E:/OneDrive/CCS/lpmsp430g2553_core/Debug\liblpmsp430g2553_core.a(main.o)
 .debug_line    0x00001631      0x376 E:/OneDrive/CCS/lpmsp430g2553_core/Debug\liblpmsp430g2553_core.a(Print.o)
 .debug_line    0x000019a7      0x7b9 E:/OneDrive/CCS/lpmsp430g2553_core/Debug\liblpmsp430g2553_core.a(WString.o)
 .debug_line    0x00002160       0xc3 E:/OneDrive/CCS/lpmsp430g2553_core/Debug\liblpmsp430g2553_core.a(atof.o)
 .debug_line    0x00002223       0xf7 E:/OneDrive/CCS/lpmsp430g2553_core/Debug\liblpmsp430g2553_core.a(dtostrf.o)
 .debug_line    0x0000231a       0xde E:/OneDrive/CCS/lpmsp430g2553_core/Debug\liblpmsp430g2553_core.a(itoa.o)
 .debug_line    0x000023f8      0x176 E:/OneDrive/CCS/lpmsp430g2553_core/Debug\liblpmsp430g2553_core.a(usci_isr_handler.o)
 .debug_line    0x0000256e      0x110 E:/OneDrive/CCS/lpmsp430g2553_core/Debug\liblpmsp430g2553_core.a(new.o)
 .debug_line    0x0000267e      0x269 E:/OneDrive/CCS/lpmsp430g2553_core/Debug\liblpmsp430g2553_core.a(twi.o)
 .debug_line    0x000028e7      0x1c6 e:/energia-0101e0014/hardware/tools/msp430/bin/../lib/gcc/msp430/4.6.3/../../../../msp430/lib\libm.a(ef_pow.o)
 .debug_line    0x00002aad       0x97 e:/energia-0101e0014/hardware/tools/msp430/bin/../lib/gcc/msp430/4.6.3/../../../../msp430/lib\libm.a(sf_scalbn.o)
 .debug_line    0x00002b44       0xb7 e:/energia-0101e0014/hardware/tools/msp430/bin/../lib/gcc/msp430/4.6.3/../../../../msp430/lib\libm.a(ef_sqrt.o)
 .debug_line    0x00002bfb       0x73 e:/energia-0101e0014/hardware/tools/msp430/bin/../lib/gcc/msp430/4.6.3\libgcc.a(_mulqi3.o)
 .debug_line    0x00002c6e       0x74 e:/energia-0101e0014/hardware/tools/msp430/bin/../lib/gcc/msp430/4.6.3\libgcc.a(_mulhi3.o)
 .debug_line    0x00002ce2       0x7e e:/energia-0101e0014/hardware/tools/msp430/bin/../lib/gcc/msp430/4.6.3\libgcc.a(_mulsi3.o)
 .debug_line    0x00002d60       0x77 e:/energia-0101e0014/hardware/tools/msp430/bin/../lib/gcc/msp430/4.6.3\libgcc.a(_udivmod16.o)
 .debug_line    0x00002dd7       0x86 e:/energia-0101e0014/hardware/tools/msp430/bin/../lib/gcc/msp430/4.6.3\libgcc.a(_udivmod32.o)
 .debug_line    0x00002e5d       0x6f e:/energia-0101e0014/hardware/tools/msp430/bin/../lib/gcc/msp430/4.6.3\libgcc.a(_fixunssfsi.o)
 .debug_line    0x00002ecc      0x117 e:/energia-0101e0014/hardware/tools/msp430/bin/../lib/gcc/msp430/4.6.3\libgcc.a(_addsub_sf.o)
 .debug_line    0x00002fe3      0x10f e:/energia-0101e0014/hardware/tools/msp430/bin/../lib/gcc/msp430/4.6.3\libgcc.a(_mul_sf.o)
 .debug_line    0x000030f2       0xd1 e:/energia-0101e0014/hardware/tools/msp430/bin/../lib/gcc/msp430/4.6.3\libgcc.a(_div_sf.o)
 .debug_line    0x000031c3       0x89 e:/energia-0101e0014/hardware/tools/msp430/bin/../lib/gcc/msp430/4.6.3\libgcc.a(_gt_sf.o)
 .debug_line    0x0000324c       0x89 e:/energia-0101e0014/hardware/tools/msp430/bin/../lib/gcc/msp430/4.6.3\libgcc.a(_ge_sf.o)
 .debug_line    0x000032d5       0x89 e:/energia-0101e0014/hardware/tools/msp430/bin/../lib/gcc/msp430/4.6.3\libgcc.a(_lt_sf.o)
 .debug_line    0x0000335e       0x89 e:/energia-0101e0014/hardware/tools/msp430/bin/../lib/gcc/msp430/4.6.3\libgcc.a(_le_sf.o)
 .debug_line    0x000033e7       0xa1 e:/energia-0101e0014/hardware/tools/msp430/bin/../lib/gcc/msp430/4.6.3\libgcc.a(_si_to_sf.o)
 .debug_line    0x00003488       0x97 e:/energia-0101e0014/hardware/tools/msp430/bin/../lib/gcc/msp430/4.6.3\libgcc.a(_sf_to_si.o)
 .debug_line    0x0000351f       0x6c e:/energia-0101e0014/hardware/tools/msp430/bin/../lib/gcc/msp430/4.6.3\libgcc.a(_thenan_sf.o)
 .debug_line    0x0000358b       0x9e e:/energia-0101e0014/hardware/tools/msp430/bin/../lib/gcc/msp430/4.6.3\libgcc.a(_usi_to_sf.o)
 .debug_line    0x00003629       0x99 e:/energia-0101e0014/hardware/tools/msp430/bin/../lib/gcc/msp430/4.6.3\libgcc.a(_clzsi2.o)
 .debug_line    0x000036c2       0xda e:/energia-0101e0014/hardware/tools/msp430/bin/../lib/gcc/msp430/4.6.3\libgcc.a(_pack_sf.o)
 .debug_line    0x0000379c       0xb5 e:/energia-0101e0014/hardware/tools/msp430/bin/../lib/gcc/msp430/4.6.3\libgcc.a(_unpack_sf.o)
 .debug_line    0x00003851       0xc0 e:/energia-0101e0014/hardware/tools/msp430/bin/../lib/gcc/msp430/4.6.3\libgcc.a(_fpcmp_parts_sf.o)
 .debug_line    0x00003911       0x5b e:/energia-0101e0014/hardware/tools/msp430/bin/../lib/gcc/msp430/4.6.3\libgcc.a(_clz.o)
 .debug_line    0x0000396c       0x44 e:/energia-0101e0014/hardware/tools/msp430/bin/../lib/gcc/msp430/4.6.3/../../../../msp430/lib\libc.a(strchr.o)
 .debug_line    0x000039b0       0x49 e:/energia-0101e0014/hardware/tools/msp430/bin/../lib/gcc/msp430/4.6.3/../../../../msp430/lib\libc.a(strcmp.o)
 .debug_line    0x000039f9       0x82 e:/energia-0101e0014/hardware/tools/msp430/bin/../lib/gcc/msp430/4.6.3/../../../../msp430/lib\libc.a(strncmp.o)
 .debug_line    0x00003a7b       0x4d e:/energia-0101e0014/hardware/tools/msp430/bin/../lib/gcc/msp430/4.6.3/../../../../msp430/lib\libc.a(strcpy.o)
 .debug_line    0x00003ac8       0x85 e:/energia-0101e0014/hardware/tools/msp430/bin/../lib/gcc/msp430/4.6.3/../../../../msp430/lib\libc.a(strncpy.o)
 .debug_line    0x00003b4d       0xf6 e:/energia-0101e0014/hardware/tools/msp430/bin/../lib/gcc/msp430/4.6.3/../../../../msp430/lib\libc.a(memcpy.o)
 .debug_line    0x00003c43       0xf6 e:/energia-0101e0014/hardware/tools/msp430/bin/../lib/gcc/msp430/4.6.3/../../../../msp430/lib\libc.a(memmove.o)
 .debug_line    0x00003d39       0x47 e:/energia-0101e0014/hardware/tools/msp430/bin/../lib/gcc/msp430/4.6.3/../../../../msp430/lib\libc.a(strrchr.o)
 .debug_line    0x00003d80       0x86 e:/energia-0101e0014/hardware/tools/msp430/bin/../lib/gcc/msp430/4.6.3/../../../../msp430/lib\libc.a(strstr.o)
 .debug_line    0x00003e06       0x3d e:/energia-0101e0014/hardware/tools/msp430/bin/../lib/gcc/msp430/4.6.3/../../../../msp430/lib\libc.a(atol.o)
 .debug_line    0x00003e43       0xce e:/energia-0101e0014/hardware/tools/msp430/bin/../lib/gcc/msp430/4.6.3/../../../../msp430/lib\libc.a(malloc.o)
 .debug_line    0x00003f11      0x10b e:/energia-0101e0014/hardware/tools/msp430/bin/../lib/gcc/msp430/4.6.3/../../../../msp430/lib\libc.a(strtol.o)
 .debug_line    0x0000401c       0xa9 e:/energia-0101e0014/hardware/tools/msp430/bin/../lib/gcc/msp430/4.6.3/../../../../msp430/lib\libc.a(sprintf.o)
 .debug_line    0x000040c5      0x2df e:/energia-0101e0014/hardware/tools/msp430/bin/../lib/gcc/msp430/4.6.3/../../../../msp430/lib\libc.a(vuprintf.o)
 .debug_line    0x000043a4       0x31 e:/energia-0101e0014/hardware/tools/msp430/bin/../lib/gcc/msp430/4.6.3/../../../../msp430/lib\libc.a(errno.o)
 .debug_line    0x000043d5       0x8b e:/energia-0101e0014/hardware/tools/msp430/bin/../lib/gcc/msp430/4.6.3\libgcc.a(_divmod32.o)
 .debug_line    0x00004460       0xcc e:/energia-0101e0014/hardware/tools/msp430/bin/../lib/gcc/msp430/4.6.3\libgcc.a(_udivmod64.o)
 .debug_line    0x0000452c       0x5c e:/energia-0101e0014/hardware/tools/msp430/bin/../lib/gcc/msp430/4.6.3\libcrt0.a(__watchdog_support.o)
 .debug_line    0x00004588       0x5a e:/energia-0101e0014/hardware/tools/msp430/bin/../lib/gcc/msp430/4.6.3\libcrt0.a(__init_stack.o)
 .debug_line    0x000045e2       0x60 e:/energia-0101e0014/hardware/tools/msp430/bin/../lib/gcc/msp430/4.6.3\libcrt0.a(_copy_data.o)
 .debug_line    0x00004642       0x60 e:/energia-0101e0014/hardware/tools/msp430/bin/../lib/gcc/msp430/4.6.3\libcrt0.a(_clear_bss.o)
 .debug_line    0x000046a2       0x5b e:/energia-0101e0014/hardware/tools/msp430/bin/../lib/gcc/msp430/4.6.3\libcrt0.a(_endless_loop__.o)
 .debug_line    0x000046fd       0x5a e:/energia-0101e0014/hardware/tools/msp430/bin/../lib/gcc/msp430/4.6.3\libcrt0.a(_unexpected_.o)
 .debug_line    0x00004757       0x5f e:/energia-0101e0014/hardware/tools/msp430/bin/../lib/gcc/msp430/4.6.3\libcrt0.a(_ctors430.o)

.debug_frame    0x00000000     0x1934
 *(.debug_frame)
 .debug_frame   0x00000000      0x376 ./Enrf24.o
 .debug_frame   0x00000376       0x58 ./RF_Light_Remote_Base.o
 .debug_frame   0x000003ce       0x4e E:/OneDrive/CCS/lpmsp430g2553_SPI/Debug\liblpmsp430g2553_SPI.a(SPI.o)
 .debug_frame   0x0000041c       0x5a E:/OneDrive/CCS/lpmsp430g2553_SPI/Debug\liblpmsp430g2553_SPI.a(usci_spi.o)
 .debug_frame   0x00000476       0x7e E:/OneDrive/CCS/lpmsp430g2553_core/Debug\liblpmsp430g2553_core.a(WInterrupts.o)
 .debug_frame   0x000004f4      0x110 E:/OneDrive/CCS/lpmsp430g2553_core/Debug\liblpmsp430g2553_core.a(wiring.o)
 .debug_frame   0x00000604       0x70 E:/OneDrive/CCS/lpmsp430g2553_core/Debug\liblpmsp430g2553_core.a(wiring_digital.o)
 .debug_frame   0x00000674       0xce E:/OneDrive/CCS/lpmsp430g2553_core/Debug\liblpmsp430g2553_core.a(HardwareSerial.o)
 .debug_frame   0x00000742       0x1e E:/OneDrive/CCS/lpmsp430g2553_core/Debug\liblpmsp430g2553_core.a(main.o)
 .debug_frame   0x00000760      0x24a E:/OneDrive/CCS/lpmsp430g2553_core/Debug\liblpmsp430g2553_core.a(Print.o)
 .debug_frame   0x000009aa      0x5f4 E:/OneDrive/CCS/lpmsp430g2553_core/Debug\liblpmsp430g2553_core.a(WString.o)
 .debug_frame   0x00000f9e       0x4a E:/OneDrive/CCS/lpmsp430g2553_core/Debug\liblpmsp430g2553_core.a(atof.o)
 .debug_frame   0x00000fe8       0x54 E:/OneDrive/CCS/lpmsp430g2553_core/Debug\liblpmsp430g2553_core.a(dtostrf.o)
 .debug_frame   0x0000103c       0xa0 E:/OneDrive/CCS/lpmsp430g2553_core/Debug\liblpmsp430g2553_core.a(itoa.o)
 .debug_frame   0x000010dc       0x5e E:/OneDrive/CCS/lpmsp430g2553_core/Debug\liblpmsp430g2553_core.a(usci_isr_handler.o)
 .debug_frame   0x0000113a       0x5a E:/OneDrive/CCS/lpmsp430g2553_core/Debug\liblpmsp430g2553_core.a(new.o)
 .debug_frame   0x00001194       0x90 E:/OneDrive/CCS/lpmsp430g2553_core/Debug\liblpmsp430g2553_core.a(twi.o)
 .debug_frame   0x00001224       0x56 e:/energia-0101e0014/hardware/tools/msp430/bin/../lib/gcc/msp430/4.6.3/../../../../msp430/lib\libm.a(ef_pow.o)
 .debug_frame   0x0000127a       0x44 e:/energia-0101e0014/hardware/tools/msp430/bin/../lib/gcc/msp430/4.6.3/../../../../msp430/lib\libm.a(sf_scalbn.o)
 .debug_frame   0x000012be       0x62 e:/energia-0101e0014/hardware/tools/msp430/bin/../lib/gcc/msp430/4.6.3/../../../../msp430/lib\libm.a(ef_sqrt.o)
 .debug_frame   0x00001320       0x28 e:/energia-0101e0014/hardware/tools/msp430/bin/../lib/gcc/msp430/4.6.3\libgcc.a(_fixunssfsi.o)
 .debug_frame   0x00001348       0x6a e:/energia-0101e0014/hardware/tools/msp430/bin/../lib/gcc/msp430/4.6.3\libgcc.a(_addsub_sf.o)
 .debug_frame   0x000013b2       0x4a e:/energia-0101e0014/hardware/tools/msp430/bin/../lib/gcc/msp430/4.6.3\libgcc.a(_mul_sf.o)
 .debug_frame   0x000013fc       0x3a e:/energia-0101e0014/hardware/tools/msp430/bin/../lib/gcc/msp430/4.6.3\libgcc.a(_div_sf.o)
 .debug_frame   0x00001436       0x22 e:/energia-0101e0014/hardware/tools/msp430/bin/../lib/gcc/msp430/4.6.3\libgcc.a(_gt_sf.o)
 .debug_frame   0x00001458       0x22 e:/energia-0101e0014/hardware/tools/msp430/bin/../lib/gcc/msp430/4.6.3\libgcc.a(_ge_sf.o)
 .debug_frame   0x0000147a       0x22 e:/energia-0101e0014/hardware/tools/msp430/bin/../lib/gcc/msp430/4.6.3\libgcc.a(_lt_sf.o)
 .debug_frame   0x0000149c       0x22 e:/energia-0101e0014/hardware/tools/msp430/bin/../lib/gcc/msp430/4.6.3\libgcc.a(_le_sf.o)
 .debug_frame   0x000014be       0x2c e:/energia-0101e0014/hardware/tools/msp430/bin/../lib/gcc/msp430/4.6.3\libgcc.a(_si_to_sf.o)
 .debug_frame   0x000014ea       0x22 e:/energia-0101e0014/hardware/tools/msp430/bin/../lib/gcc/msp430/4.6.3\libgcc.a(_sf_to_si.o)
 .debug_frame   0x0000150c       0x36 e:/energia-0101e0014/hardware/tools/msp430/bin/../lib/gcc/msp430/4.6.3\libgcc.a(_usi_to_sf.o)
 .debug_frame   0x00001542       0x2e e:/energia-0101e0014/hardware/tools/msp430/bin/../lib/gcc/msp430/4.6.3\libgcc.a(_clzsi2.o)
 .debug_frame   0x00001570       0x38 e:/energia-0101e0014/hardware/tools/msp430/bin/../lib/gcc/msp430/4.6.3\libgcc.a(_pack_sf.o)
 .debug_frame   0x000015a8       0x28 e:/energia-0101e0014/hardware/tools/msp430/bin/../lib/gcc/msp430/4.6.3\libgcc.a(_unpack_sf.o)
 .debug_frame   0x000015d0       0x24 e:/energia-0101e0014/hardware/tools/msp430/bin/../lib/gcc/msp430/4.6.3\libgcc.a(_fpcmp_parts_sf.o)
 .debug_frame   0x000015f4       0x1e e:/energia-0101e0014/hardware/tools/msp430/bin/../lib/gcc/msp430/4.6.3/../../../../msp430/lib\libc.a(strchr.o)
 .debug_frame   0x00001612       0x1e e:/energia-0101e0014/hardware/tools/msp430/bin/../lib/gcc/msp430/4.6.3/../../../../msp430/lib\libc.a(strcmp.o)
 .debug_frame   0x00001630       0x24 e:/energia-0101e0014/hardware/tools/msp430/bin/../lib/gcc/msp430/4.6.3/../../../../msp430/lib\libc.a(strncmp.o)
 .debug_frame   0x00001654       0x1e e:/energia-0101e0014/hardware/tools/msp430/bin/../lib/gcc/msp430/4.6.3/../../../../msp430/lib\libc.a(strcpy.o)
 .debug_frame   0x00001672       0x24 e:/energia-0101e0014/hardware/tools/msp430/bin/../lib/gcc/msp430/4.6.3/../../../../msp430/lib\libc.a(strncpy.o)
 .debug_frame   0x00001696       0x38 e:/energia-0101e0014/hardware/tools/msp430/bin/../lib/gcc/msp430/4.6.3/../../../../msp430/lib\libc.a(memcpy.o)
 .debug_frame   0x000016ce       0x38 e:/energia-0101e0014/hardware/tools/msp430/bin/../lib/gcc/msp430/4.6.3/../../../../msp430/lib\libc.a(memmove.o)
 .debug_frame   0x00001706       0x24 e:/energia-0101e0014/hardware/tools/msp430/bin/../lib/gcc/msp430/4.6.3/../../../../msp430/lib\libc.a(strrchr.o)
 .debug_frame   0x0000172a       0x38 e:/energia-0101e0014/hardware/tools/msp430/bin/../lib/gcc/msp430/4.6.3/../../../../msp430/lib\libc.a(strstr.o)
 .debug_frame   0x00001762       0x1e e:/energia-0101e0014/hardware/tools/msp430/bin/../lib/gcc/msp430/4.6.3/../../../../msp430/lib\libc.a(atol.o)
 .debug_frame   0x00001780       0x52 e:/energia-0101e0014/hardware/tools/msp430/bin/../lib/gcc/msp430/4.6.3/../../../../msp430/lib\libc.a(malloc.o)
 .debug_frame   0x000017d2       0x4a e:/energia-0101e0014/hardware/tools/msp430/bin/../lib/gcc/msp430/4.6.3/../../../../msp430/lib\libc.a(strtol.o)
 .debug_frame   0x0000181c       0x68 e:/energia-0101e0014/hardware/tools/msp430/bin/../lib/gcc/msp430/4.6.3/../../../../msp430/lib\libc.a(sprintf.o)
 .debug_frame   0x00001884       0xb0 e:/energia-0101e0014/hardware/tools/msp430/bin/../lib/gcc/msp430/4.6.3/../../../../msp430/lib\libc.a(vuprintf.o)

.debug_str      0x00000000     0x320b
 *(.debug_str)
 .debug_str     0x00000000      0xa50 ./Enrf24.o
                                0xad2 (size before relaxing)
 .debug_str     0x00000a50       0xf3 ./RF_Light_Remote_Base.o
                                0x409 (size before relaxing)
 .debug_str     0x00000b43       0x6c E:/OneDrive/CCS/lpmsp430g2553_SPI/Debug\liblpmsp430g2553_SPI.a(SPI.o)
                                0x339 (size before relaxing)
 .debug_str     0x00000baf      0x165 E:/OneDrive/CCS/lpmsp430g2553_SPI/Debug\liblpmsp430g2553_SPI.a(usci_spi.o)
                                0x371 (size before relaxing)
 .debug_str     0x00000d14      0x166 E:/OneDrive/CCS/lpmsp430g2553_core/Debug\liblpmsp430g2553_core.a(WInterrupts.o)
                                0x303 (size before relaxing)
 .debug_str     0x00000e7a      0x18c E:/OneDrive/CCS/lpmsp430g2553_core/Debug\liblpmsp430g2553_core.a(wiring.o)
                                0x3ac (size before relaxing)
 .debug_str     0x00001006      0x1ee E:/OneDrive/CCS/lpmsp430g2553_core/Debug\liblpmsp430g2553_core.a(wiring_digital.o)
                                0x436 (size before relaxing)
 .debug_str     0x000011f4      0xd95 E:/OneDrive/CCS/lpmsp430g2553_core/Debug\liblpmsp430g2553_core.a(HardwareSerial.o)
                               0x1061 (size before relaxing)
 .debug_str     0x00001f89       0x40 E:/OneDrive/CCS/lpmsp430g2553_core/Debug\liblpmsp430g2553_core.a(main.o)
                                0x1f4 (size before relaxing)
 .debug_str     0x00001fc9      0x3e6 E:/OneDrive/CCS/lpmsp430g2553_core/Debug\liblpmsp430g2553_core.a(Print.o)
                                0xe63 (size before relaxing)
 .debug_str     0x000023af      0x23b E:/OneDrive/CCS/lpmsp430g2553_core/Debug\liblpmsp430g2553_core.a(WString.o)
                                0xc0d (size before relaxing)
 .debug_str     0x000025ea       0x55 E:/OneDrive/CCS/lpmsp430g2553_core/Debug\liblpmsp430g2553_core.a(atof.o)
                                 0xb8 (size before relaxing)
 .debug_str     0x0000263f       0x61 E:/OneDrive/CCS/lpmsp430g2553_core/Debug\liblpmsp430g2553_core.a(dtostrf.o)
                                0x17a (size before relaxing)
 .debug_str     0x000026a0       0x4f E:/OneDrive/CCS/lpmsp430g2553_core/Debug\liblpmsp430g2553_core.a(itoa.o)
                                0x124 (size before relaxing)
 .debug_str     0x000026ef       0x86 E:/OneDrive/CCS/lpmsp430g2553_core/Debug\liblpmsp430g2553_core.a(usci_isr_handler.o)
                                0x245 (size before relaxing)
 .debug_str     0x00002775       0x9c E:/OneDrive/CCS/lpmsp430g2553_core/Debug\liblpmsp430g2553_core.a(new.o)
                                0x185 (size before relaxing)
 .debug_str     0x00002811      0x1e2 E:/OneDrive/CCS/lpmsp430g2553_core/Debug\liblpmsp430g2553_core.a(twi.o)
                                0x439 (size before relaxing)
 .debug_str     0x000029f3       0xcc e:/energia-0101e0014/hardware/tools/msp430/bin/../lib/gcc/msp430/4.6.3/../../../../msp430/lib\libm.a(ef_pow.o)
                                0x197 (size before relaxing)
 .debug_str     0x00002abf       0x2f e:/energia-0101e0014/hardware/tools/msp430/bin/../lib/gcc/msp430/4.6.3/../../../../msp430/lib\libm.a(sf_scalbn.o)
                                0x15a (size before relaxing)
 .debug_str     0x00002aee       0x26 e:/energia-0101e0014/hardware/tools/msp430/bin/../lib/gcc/msp430/4.6.3/../../../../msp430/lib\libm.a(ef_sqrt.o)
                                0x152 (size before relaxing)
 .debug_str     0x00002b14       0x86 e:/energia-0101e0014/hardware/tools/msp430/bin/../lib/gcc/msp430/4.6.3\libgcc.a(_fixunssfsi.o)
                                0x13e (size before relaxing)
 .debug_str     0x00002b9a      0x138 e:/energia-0101e0014/hardware/tools/msp430/bin/../lib/gcc/msp430/4.6.3\libgcc.a(_addsub_sf.o)
                                0x238 (size before relaxing)
 .debug_str     0x00002cd2       0x27 e:/energia-0101e0014/hardware/tools/msp430/bin/../lib/gcc/msp430/4.6.3\libgcc.a(_mul_sf.o)
                                0x1f1 (size before relaxing)
 .debug_str     0x00002cf9       0x35 e:/energia-0101e0014/hardware/tools/msp430/bin/../lib/gcc/msp430/4.6.3\libgcc.a(_div_sf.o)
                                0x1fa (size before relaxing)
 .debug_str     0x00002d2e        0x8 e:/energia-0101e0014/hardware/tools/msp430/bin/../lib/gcc/msp430/4.6.3\libgcc.a(_gt_sf.o)
                                0x1bf (size before relaxing)
 .debug_str     0x00002d36        0x8 e:/energia-0101e0014/hardware/tools/msp430/bin/../lib/gcc/msp430/4.6.3\libgcc.a(_ge_sf.o)
                                0x1bf (size before relaxing)
 .debug_str     0x00002d3e        0x8 e:/energia-0101e0014/hardware/tools/msp430/bin/../lib/gcc/msp430/4.6.3\libgcc.a(_lt_sf.o)
                                0x1bf (size before relaxing)
 .debug_str     0x00002d46        0x8 e:/energia-0101e0014/hardware/tools/msp430/bin/../lib/gcc/msp430/4.6.3\libgcc.a(_le_sf.o)
                                0x1bf (size before relaxing)
 .debug_str     0x00002d4e       0x27 e:/energia-0101e0014/hardware/tools/msp430/bin/../lib/gcc/msp430/4.6.3\libgcc.a(_si_to_sf.o)
                                0x1ae (size before relaxing)
 .debug_str     0x00002d75        0xa e:/energia-0101e0014/hardware/tools/msp430/bin/../lib/gcc/msp430/4.6.3\libgcc.a(_sf_to_si.o)
                                0x1c8 (size before relaxing)
 .debug_str     0x00000000      0x16a e:/energia-0101e0014/hardware/tools/msp430/bin/../lib/gcc/msp430/4.6.3\libgcc.a(_thenan_sf.o)
 .debug_str     0x00002d7f        0xe e:/energia-0101e0014/hardware/tools/msp430/bin/../lib/gcc/msp430/4.6.3\libgcc.a(_usi_to_sf.o)
                                0x1aa (size before relaxing)
 .debug_str     0x00002d8d       0x17 e:/energia-0101e0014/hardware/tools/msp430/bin/../lib/gcc/msp430/4.6.3\libgcc.a(_clzsi2.o)
                                0x14a (size before relaxing)
 .debug_str     0x00002da4       0x10 e:/energia-0101e0014/hardware/tools/msp430/bin/../lib/gcc/msp430/4.6.3\libgcc.a(_pack_sf.o)
                                0x1c7 (size before relaxing)
 .debug_str     0x00002db4        0xb e:/energia-0101e0014/hardware/tools/msp430/bin/../lib/gcc/msp430/4.6.3\libgcc.a(_unpack_sf.o)
                                0x1a9 (size before relaxing)
 .debug_str     0x00002dbf       0x10 e:/energia-0101e0014/hardware/tools/msp430/bin/../lib/gcc/msp430/4.6.3\libgcc.a(_fpcmp_parts_sf.o)
                                0x18d (size before relaxing)
 .debug_str     0x00000000      0x12d e:/energia-0101e0014/hardware/tools/msp430/bin/../lib/gcc/msp430/4.6.3\libgcc.a(_clz.o)
 .debug_str     0x00002dcf       0x19 e:/energia-0101e0014/hardware/tools/msp430/bin/../lib/gcc/msp430/4.6.3/../../../../msp430/lib\libc.a(strchr.o)
                                 0xfd (size before relaxing)
 .debug_str     0x00002de8       0x19 e:/energia-0101e0014/hardware/tools/msp430/bin/../lib/gcc/msp430/4.6.3/../../../../msp430/lib\libc.a(strcmp.o)
                                 0xfd (size before relaxing)
 .debug_str     0x00002e01       0x1b e:/energia-0101e0014/hardware/tools/msp430/bin/../lib/gcc/msp430/4.6.3/../../../../msp430/lib\libc.a(strncmp.o)
                                0x106 (size before relaxing)
 .debug_str     0x00002e1c       0x23 e:/energia-0101e0014/hardware/tools/msp430/bin/../lib/gcc/msp430/4.6.3/../../../../msp430/lib\libc.a(strcpy.o)
                                0x107 (size before relaxing)
 .debug_str     0x00002e3f       0x1b e:/energia-0101e0014/hardware/tools/msp430/bin/../lib/gcc/msp430/4.6.3/../../../../msp430/lib\libc.a(strncpy.o)
                                0x106 (size before relaxing)
 .debug_str     0x00002e5a       0x28 e:/energia-0101e0014/hardware/tools/msp430/bin/../lib/gcc/msp430/4.6.3/../../../../msp430/lib\libc.a(memcpy.o)
                                0x11f (size before relaxing)
 .debug_str     0x00002e82       0x1b e:/energia-0101e0014/hardware/tools/msp430/bin/../lib/gcc/msp430/4.6.3/../../../../msp430/lib\libc.a(memmove.o)
                                0x121 (size before relaxing)
 .debug_str     0x00002e9d       0x1b e:/energia-0101e0014/hardware/tools/msp430/bin/../lib/gcc/msp430/4.6.3/../../../../msp430/lib\libc.a(strrchr.o)
                                0x104 (size before relaxing)
 .debug_str     0x00002eb8       0x19 e:/energia-0101e0014/hardware/tools/msp430/bin/../lib/gcc/msp430/4.6.3/../../../../msp430/lib\libc.a(strstr.o)
                                0x109 (size before relaxing)
 .debug_str     0x00002ed1       0x15 e:/energia-0101e0014/hardware/tools/msp430/bin/../lib/gcc/msp430/4.6.3/../../../../msp430/lib\libc.a(atol.o)
                                 0xf9 (size before relaxing)
 .debug_str     0x00002ee6       0x55 e:/energia-0101e0014/hardware/tools/msp430/bin/../lib/gcc/msp430/4.6.3/../../../../msp430/lib\libc.a(malloc.o)
                                0x145 (size before relaxing)
 .debug_str     0x00002f3b       0x47 e:/energia-0101e0014/hardware/tools/msp430/bin/../lib/gcc/msp430/4.6.3/../../../../msp430/lib\libc.a(strtol.o)
                                0x138 (size before relaxing)
 .debug_str     0x00002f82       0x85 e:/energia-0101e0014/hardware/tools/msp430/bin/../lib/gcc/msp430/4.6.3/../../../../msp430/lib\libc.a(sprintf.o)
                                0x198 (size before relaxing)
 .debug_str     0x00003007      0x1f3 e:/energia-0101e0014/hardware/tools/msp430/bin/../lib/gcc/msp430/4.6.3/../../../../msp430/lib\libc.a(vuprintf.o)
                                0x37e (size before relaxing)
 .debug_str     0x000031fa       0x11 e:/energia-0101e0014/hardware/tools/msp430/bin/../lib/gcc/msp430/4.6.3/../../../../msp430/lib\libc.a(errno.o)
                                 0x7c (size before relaxing)

.debug_loc      0x00000000     0x5bb3
 *(.debug_loc)
 .debug_loc     0x00000000      0xa75 ./Enrf24.o
 .debug_loc     0x00000a75       0x3a ./RF_Light_Remote_Base.o
 .debug_loc     0x00000aaf       0x21 E:/OneDrive/CCS/lpmsp430g2553_SPI/Debug\liblpmsp430g2553_SPI.a(SPI.o)
 .debug_loc     0x00000ad0       0x48 E:/OneDrive/CCS/lpmsp430g2553_SPI/Debug\liblpmsp430g2553_SPI.a(usci_spi.o)
 .debug_loc     0x00000b18       0xfc E:/OneDrive/CCS/lpmsp430g2553_core/Debug\liblpmsp430g2553_core.a(WInterrupts.o)
 .debug_loc     0x00000c14      0x1c3 E:/OneDrive/CCS/lpmsp430g2553_core/Debug\liblpmsp430g2553_core.a(wiring.o)
 .debug_loc     0x00000dd7      0x272 E:/OneDrive/CCS/lpmsp430g2553_core/Debug\liblpmsp430g2553_core.a(wiring_digital.o)
 .debug_loc     0x00001049      0x166 E:/OneDrive/CCS/lpmsp430g2553_core/Debug\liblpmsp430g2553_core.a(HardwareSerial.o)
 .debug_loc     0x000011af      0x975 E:/OneDrive/CCS/lpmsp430g2553_core/Debug\liblpmsp430g2553_core.a(Print.o)
 .debug_loc     0x00001b24     0x148c E:/OneDrive/CCS/lpmsp430g2553_core/Debug\liblpmsp430g2553_core.a(WString.o)
 .debug_loc     0x00002fb0      0x17d E:/OneDrive/CCS/lpmsp430g2553_core/Debug\liblpmsp430g2553_core.a(atof.o)
 .debug_loc     0x0000312d       0xae E:/OneDrive/CCS/lpmsp430g2553_core/Debug\liblpmsp430g2553_core.a(dtostrf.o)
 .debug_loc     0x000031db      0x2e6 E:/OneDrive/CCS/lpmsp430g2553_core/Debug\liblpmsp430g2553_core.a(itoa.o)
 .debug_loc     0x000034c1       0x58 E:/OneDrive/CCS/lpmsp430g2553_core/Debug\liblpmsp430g2553_core.a(usci_isr_handler.o)
 .debug_loc     0x00003519       0x21 E:/OneDrive/CCS/lpmsp430g2553_core/Debug\liblpmsp430g2553_core.a(new.o)
 .debug_loc     0x0000353a       0x76 E:/OneDrive/CCS/lpmsp430g2553_core/Debug\liblpmsp430g2553_core.a(twi.o)
 .debug_loc     0x000035b0      0x6d7 e:/energia-0101e0014/hardware/tools/msp430/bin/../lib/gcc/msp430/4.6.3/../../../../msp430/lib\libm.a(ef_pow.o)
 .debug_loc     0x00003c87      0x16d e:/energia-0101e0014/hardware/tools/msp430/bin/../lib/gcc/msp430/4.6.3/../../../../msp430/lib\libm.a(sf_scalbn.o)
 .debug_loc     0x00003df4      0x1b4 e:/energia-0101e0014/hardware/tools/msp430/bin/../lib/gcc/msp430/4.6.3/../../../../msp430/lib\libm.a(ef_sqrt.o)
 .debug_loc     0x00003fa8       0x44 e:/energia-0101e0014/hardware/tools/msp430/bin/../lib/gcc/msp430/4.6.3\libgcc.a(_fixunssfsi.o)
 .debug_loc     0x00003fec      0x2ca e:/energia-0101e0014/hardware/tools/msp430/bin/../lib/gcc/msp430/4.6.3\libgcc.a(_addsub_sf.o)
 .debug_loc     0x000042b6      0x23c e:/energia-0101e0014/hardware/tools/msp430/bin/../lib/gcc/msp430/4.6.3\libgcc.a(_mul_sf.o)
 .debug_loc     0x000044f2      0x110 e:/energia-0101e0014/hardware/tools/msp430/bin/../lib/gcc/msp430/4.6.3\libgcc.a(_div_sf.o)
 .debug_loc     0x00004602       0x3c e:/energia-0101e0014/hardware/tools/msp430/bin/../lib/gcc/msp430/4.6.3\libgcc.a(_gt_sf.o)
 .debug_loc     0x0000463e       0x3c e:/energia-0101e0014/hardware/tools/msp430/bin/../lib/gcc/msp430/4.6.3\libgcc.a(_ge_sf.o)
 .debug_loc     0x0000467a       0x3c e:/energia-0101e0014/hardware/tools/msp430/bin/../lib/gcc/msp430/4.6.3\libgcc.a(_lt_sf.o)
 .debug_loc     0x000046b6       0x3c e:/energia-0101e0014/hardware/tools/msp430/bin/../lib/gcc/msp430/4.6.3\libgcc.a(_le_sf.o)
 .debug_loc     0x000046f2       0xa2 e:/energia-0101e0014/hardware/tools/msp430/bin/../lib/gcc/msp430/4.6.3\libgcc.a(_si_to_sf.o)
 .debug_loc     0x00004794       0x3c e:/energia-0101e0014/hardware/tools/msp430/bin/../lib/gcc/msp430/4.6.3\libgcc.a(_sf_to_si.o)
 .debug_loc     0x000047d0       0x6c e:/energia-0101e0014/hardware/tools/msp430/bin/../lib/gcc/msp430/4.6.3\libgcc.a(_usi_to_sf.o)
 .debug_loc     0x0000483c       0x80 e:/energia-0101e0014/hardware/tools/msp430/bin/../lib/gcc/msp430/4.6.3\libgcc.a(_clzsi2.o)
 .debug_loc     0x000048bc      0x181 e:/energia-0101e0014/hardware/tools/msp430/bin/../lib/gcc/msp430/4.6.3\libgcc.a(_pack_sf.o)